Archive member included because of file (symbol)

c:/program files (x86)/atmel/atmel toolchain/avr32 gcc/native/3.4.2.1002/avr32-gnu-toolchain/bin/../lib/gcc/avr32/4.4.7/../../../../avr32/lib/ucr3fp\libm.a(lib_a-s_cos.o)
                              Library/communication/mavlink_waypoint_handler.o (cos)
c:/program files (x86)/atmel/atmel toolchain/avr32 gcc/native/3.4.2.1002/avr32-gnu-toolchain/bin/../lib/gcc/avr32/4.4.7/../../../../avr32/lib/ucr3fp\libm.a(lib_a-s_floor.o)
                              Library/communication/data_logging.o (floor)
c:/program files (x86)/atmel/atmel toolchain/avr32 gcc/native/3.4.2.1002/avr32-gnu-toolchain/bin/../lib/gcc/avr32/4.4.7/../../../../avr32/lib/ucr3fp\libm.a(lib_a-s_sin.o)
                              Library/communication/mavlink_waypoint_handler.o (sin)
c:/program files (x86)/atmel/atmel toolchain/avr32 gcc/native/3.4.2.1002/avr32-gnu-toolchain/bin/../lib/gcc/avr32/4.4.7/../../../../avr32/lib/ucr3fp\libm.a(lib_a-w_asin.o)
                              Library/util/coord_conventions.o (asin)
c:/program files (x86)/atmel/atmel toolchain/avr32 gcc/native/3.4.2.1002/avr32-gnu-toolchain/bin/../lib/gcc/avr32/4.4.7/../../../../avr32/lib/ucr3fp\libm.a(lib_a-w_atan2.o)
                              Library/control/stabilisation_copter.o (atan2)
c:/program files (x86)/atmel/atmel toolchain/avr32 gcc/native/3.4.2.1002/avr32-gnu-toolchain/bin/../lib/gcc/avr32/4.4.7/../../../../avr32/lib/ucr3fp\libm.a(lib_a-w_fmod.o)
                              Library/util/quick_trig.o (fmod)
c:/program files (x86)/atmel/atmel toolchain/avr32 gcc/native/3.4.2.1002/avr32-gnu-toolchain/bin/../lib/gcc/avr32/4.4.7/../../../../avr32/lib/ucr3fp\libm.a(lib_a-w_pow.o)
                              Library/hal/bmp085.o (pow)
c:/program files (x86)/atmel/atmel toolchain/avr32 gcc/native/3.4.2.1002/avr32-gnu-toolchain/bin/../lib/gcc/avr32/4.4.7/../../../../avr32/lib/ucr3fp\libm.a(lib_a-w_sqrt.o)
                              Library/communication/hud.o (sqrt)
c:/program files (x86)/atmel/atmel toolchain/avr32 gcc/native/3.4.2.1002/avr32-gnu-toolchain/bin/../lib/gcc/avr32/4.4.7/../../../../avr32/lib/ucr3fp\libm.a(lib_a-wf_sqrt.o)
                              Library/util/matrixlib_float.o (sqrtf)
c:/program files (x86)/atmel/atmel toolchain/avr32 gcc/native/3.4.2.1002/avr32-gnu-toolchain/bin/../lib/gcc/avr32/4.4.7/../../../../avr32/lib/ucr3fp\libm.a(lib_a-e_asin.o)
                              c:/program files (x86)/atmel/atmel toolchain/avr32 gcc/native/3.4.2.1002/avr32-gnu-toolchain/bin/../lib/gcc/avr32/4.4.7/../../../../avr32/lib/ucr3fp\libm.a(lib_a-w_asin.o) (__ieee754_asin)
c:/program files (x86)/atmel/atmel toolchain/avr32 gcc/native/3.4.2.1002/avr32-gnu-toolchain/bin/../lib/gcc/avr32/4.4.7/../../../../avr32/lib/ucr3fp\libm.a(lib_a-e_atan2.o)
                              c:/program files (x86)/atmel/atmel toolchain/avr32 gcc/native/3.4.2.1002/avr32-gnu-toolchain/bin/../lib/gcc/avr32/4.4.7/../../../../avr32/lib/ucr3fp\libm.a(lib_a-w_atan2.o) (__ieee754_atan2)
c:/program files (x86)/atmel/atmel toolchain/avr32 gcc/native/3.4.2.1002/avr32-gnu-toolchain/bin/../lib/gcc/avr32/4.4.7/../../../../avr32/lib/ucr3fp\libm.a(lib_a-e_fmod.o)
                              c:/program files (x86)/atmel/atmel toolchain/avr32 gcc/native/3.4.2.1002/avr32-gnu-toolchain/bin/../lib/gcc/avr32/4.4.7/../../../../avr32/lib/ucr3fp\libm.a(lib_a-w_fmod.o) (__ieee754_fmod)
c:/program files (x86)/atmel/atmel toolchain/avr32 gcc/native/3.4.2.1002/avr32-gnu-toolchain/bin/../lib/gcc/avr32/4.4.7/../../../../avr32/lib/ucr3fp\libm.a(lib_a-e_pow.o)
                              c:/program files (x86)/atmel/atmel toolchain/avr32 gcc/native/3.4.2.1002/avr32-gnu-toolchain/bin/../lib/gcc/avr32/4.4.7/../../../../avr32/lib/ucr3fp\libm.a(lib_a-w_pow.o) (__ieee754_pow)
c:/program files (x86)/atmel/atmel toolchain/avr32 gcc/native/3.4.2.1002/avr32-gnu-toolchain/bin/../lib/gcc/avr32/4.4.7/../../../../avr32/lib/ucr3fp\libm.a(lib_a-e_rem_pio2.o)
                              c:/program files (x86)/atmel/atmel toolchain/avr32 gcc/native/3.4.2.1002/avr32-gnu-toolchain/bin/../lib/gcc/avr32/4.4.7/../../../../avr32/lib/ucr3fp\libm.a(lib_a-s_cos.o) (__ieee754_rem_pio2)
c:/program files (x86)/atmel/atmel toolchain/avr32 gcc/native/3.4.2.1002/avr32-gnu-toolchain/bin/../lib/gcc/avr32/4.4.7/../../../../avr32/lib/ucr3fp\libm.a(lib_a-e_sqrt.o)
                              c:/program files (x86)/atmel/atmel toolchain/avr32 gcc/native/3.4.2.1002/avr32-gnu-toolchain/bin/../lib/gcc/avr32/4.4.7/../../../../avr32/lib/ucr3fp\libm.a(lib_a-w_sqrt.o) (__ieee754_sqrt)
c:/program files (x86)/atmel/atmel toolchain/avr32 gcc/native/3.4.2.1002/avr32-gnu-toolchain/bin/../lib/gcc/avr32/4.4.7/../../../../avr32/lib/ucr3fp\libm.a(lib_a-ef_sqrt.o)
[...]
Memory Configuration

Name             Origin             Length             Attributes
FLASH            0x80000000         0x00080000         axrl !w
CPUSRAM          0x00000004         0x0000fffc         axw !rl
USERPAGE         0x80800000         0x00000200
FACTORYPAGE      0x80800200         0x00000200
FLASHVAULT_FLASH_SIZE 0x80800400         0x00000008         r
FLASHVAULT_RAM_SIZE 0x80800408         0x00000008         r
*default*        0x00000000         0xffffffff

Linker script and memory map

                0x00001000                _stack_size = 0x1000
LOAD Library/communication/console.o
LOAD Library/communication/data_logging.o
LOAD Library/communication/hud.o
LOAD Library/communication/mavlink_communication.o
LOAD Library/communication/mavlink_message_handler.o
LOAD Library/communication/mavlink_waypoint_handler.o
LOAD Library/communication/remote.o
LOAD Library/communication/state.o
LOAD Library/communication/state_machine.o
LOAD Library/control/adaptive_parameter.o
LOAD Library/control/attitude_controller_p2.o
LOAD Library/control/attitude_error_estimator.o
LOAD Library/control/joystick_parsing.o
LOAD Library/control/pid_control.o
LOAD Library/control/servos_mix_quadcopter_cross.o
LOAD Library/control/servos_mix_quadcopter_diag.o
LOAD Library/control/stabilisation_copter.o
LOAD Library/hal/analog_monitor.o
LOAD Library/hal/fat_fs/diskio.o
LOAD Library/hal/fat_fs/ff.o
LOAD Library/hal/fat_fs/option/ccsbcs.o
LOAD Library/hal/fat_fs/option/syscall.o
LOAD Library/hal/fat_fs/option/unicode.o
LOAD Library/hal/gps_ublox.o
LOAD Library/hal/hmc5883l.o
LOAD Library/hal/i2c_driver_int.o
LOAD Library/hal/lsm330dlc.o
LOAD Library/hal/piezo_speaker.o
LOAD Library/hal/pwm_servos.o
LOAD Library/hal/sd_spi.o
LOAD Library/hal/servos.o
LOAD Library/hal/sonar_i2cxl.o
LOAD Library/hal/spektrum_satellite.o
LOAD Library/hal/time_keeper.o
LOAD Library/hal/usb_int.o
LOAD Library/hal/xbee.o
LOAD Library/sensing/ahrs.o
LOAD Library/sensing/position_estimation.o
LOAD Library/sensing/qfilter.o
LOAD Library/util/linear_algebra.o
LOAD Library/util/matrixlib_float.o
LOAD Library/util/quick_trig.o
LOAD Private_Library/neighbor_selection.o
LOAD Private_Library/orca.o
LOAD src/central_data.o
LOAD src/mavlink_telemetry.o
LOAD src/tasks.o
LOAD Library/communication/mavlink_stream.o
LOAD Library/communication/onboard_parameters.o
LOAD Library/control/navigation.o
LOAD Library/control/stabilisation.o
LOAD Library/hal/adc_int.o
LOAD Library/hal/ads1274.o
LOAD Library/hal/bmp085.o
LOAD Library/hal/dac_dma.o
LOAD Library/hal/led.o
LOAD Library/hal/spi_buffered.o
LOAD Library/hal/uart_int.o
LOAD Library/runtime/scheduler.o
LOAD Library/sensing/imu.o
LOAD Library/sensing/simulation.o
LOAD Library/util/buffer.o
LOAD Library/util/coord_conventions.o
LOAD Library/util/generator.o
LOAD Library/util/print_util.o
LOAD Library/util/sinus.o
LOAD src/asf/avr32/drivers/adcifa/adcifa.o
LOAD src/asf/avr32/drivers/ast/ast.o
LOAD src/asf/avr32/drivers/dacifb/dacifb.o
LOAD src/asf/avr32/drivers/eic/eic.o
LOAD src/asf/avr32/drivers/flashc/flashc.o
LOAD src/asf/avr32/drivers/gpio/gpio.o
LOAD src/asf/avr32/drivers/intc/exception.o
LOAD src/asf/avr32/drivers/intc/intc.o
LOAD src/asf/avr32/drivers/pdca/pdca.o
LOAD src/asf/avr32/drivers/pevc/pevc.o
LOAD src/asf/avr32/drivers/pm/pm_uc3c.o
LOAD src/asf/avr32/drivers/pm/power_clocks_lib.o
LOAD src/asf/avr32/drivers/pwm/pwm4.o
LOAD src/asf/avr32/drivers/scif/scif_uc3c.o
LOAD src/asf/avr32/drivers/spi/spi.o
LOAD src/asf/avr32/drivers/tc/tc.o
LOAD src/asf/avr32/drivers/twim/twim.o
LOAD src/asf/avr32/drivers/usart/usart.o
LOAD src/asf/avr32/drivers/usbc/usbc_device.o
LOAD src/asf/avr32/services/delay/delay.o
LOAD src/asf/avr32/utils/startup/startup_uc3.o
LOAD src/asf/avr32/utils/startup/trampoline_uc3.o
LOAD src/asf/common/boards/user_board/init.o
LOAD src/asf/common/services/clock/uc3c/osc.o
LOAD src/asf/common/services/clock/uc3c/pll.o
LOAD src/asf/common/services/clock/uc3c/sysclk.o
LOAD src/asf/common/services/sleepmgr/uc3/sleepmgr.o
LOAD src/asf/common/services/spi/uc3_spi/spi_master.o
LOAD src/asf/common/services/usb/class/cdc/device/udi_cdc.o
LOAD src/asf/common/services/usb/class/cdc/device/udi_cdc_desc.o
LOAD src/asf/common/services/usb/udc/udc.o
LOAD src/asf/common/utils/stdio/read.o
LOAD src/asf/common/utils/stdio/stdio_usb/stdio_usb.o
LOAD src/asf/common/utils/stdio/write.o
LOAD src/boardsupport.o
LOAD src/main.o
START GROUP
END GROUP
LOAD c:/program files (x86)/atmel/atmel toolchain/avr32 gcc/native/3.4.2.1002/avr32-gnu-toolchain/bin/../lib/gcc/avr32/4.4.7/ucr3fp\libstdc++.a
LOAD c:/program files (x86)/atmel/atmel toolchain/avr32 gcc/native/3.4.2.1002/avr32-gnu-toolchain/bin/../lib/gcc/avr32/4.4.7/../../../../avr32/lib/ucr3fp\libm.a
LOAD c:/program files (x86)/atmel/atmel toolchain/avr32 gcc/native/3.4.2.1002/avr32-gnu-toolchain/bin/../lib/gcc/avr32/4.4.7/ucr3fp\libgcc.a
LOAD c:/program files (x86)/atmel/atmel toolchain/avr32 gcc/native/3.4.2.1002/avr32-gnu-toolchain/bin/../lib/gcc/avr32/4.4.7/../../../../avr32/lib/ucr3fp\libc.a
LOAD c:/program files (x86)/atmel/atmel toolchain/avr32 gcc/native/3.4.2.1002/avr32-gnu-toolchain/bin/../lib/gcc/avr32/4.4.7/ucr3fp\libgcc.a
                0x80000000                PROVIDE (__executable_start, 0x80000000)
                0x80000000                . = 0x80000000

.interp
 *(.interp)

.reset          0x80000000     0x2010
 *(.reset)
 .reset         0x80000000        0x8 src/asf/avr32/utils/startup/startup_uc3.o
                0x80000000                _start
 .reset         0x80000008     0x2008 src/asf/avr32/utils/startup/trampoline_uc3.o
                0x80000008                _trampoline

.hash
 *(.hash)

.dynsym
 *(.dynsym)

.dynstr
 *(.dynstr)

.gnu.version
 *(.gnu.version)

.gnu.version_d
 *(.gnu.version_d)

.gnu.version_r
 *(.gnu.version_r)

.rel.init
 *(.rel.init)

.rela.init
 *(.rela.init)

.rel.text
 *(.rel.text .rel.text.* .rel.gnu.linkonce.t.*)

.rela.text
 *(.rela.text .rela.text.* .rela.gnu.linkonce.t.*)

.rel.fini
 *(.rel.fini)

.rela.fini
 *(.rela.fini)

.rel.rodata
 *(.rel.rodata .rel.rodata.* .rel.gnu.linkonce.r.*)

.rela.rodata
 *(.rela.rodata .rela.rodata.* .rela.gnu.linkonce.r.*)

.rel.data.rel.ro
 *(.rel.data.rel.ro*)

.rela.data.rel.ro
 *(.rel.data.rel.ro*)

.rel.data
 *(.rel.data .rel.data.* .rel.gnu.linkonce.d.*)

.rela.data
 *(.rela.data .rela.data.* .rela.gnu.linkonce.d.*)

.rel.tdata
 *(.rel.tdata .rel.tdata.* .rel.gnu.linkonce.td.*)

.rela.tdata
 *(.rela.tdata .rela.tdata.* .rela.gnu.linkonce.td.*)

.rel.tbss
 *(.rel.tbss .rel.tbss.* .rel.gnu.linkonce.tb.*)

.rela.tbss
 *(.rela.tbss .rela.tbss.* .rela.gnu.linkonce.tb.*)

.rel.ctors
 *(.rel.ctors)

.rela.ctors
 *(.rela.ctors)

.rel.dtors
 *(.rel.dtors)

.rela.dtors
 *(.rela.dtors)

.rel.got
 *(.rel.got)

.rela.got       0x80002010        0x0
 *(.rela.got)
 .rela.got      0x80002010        0x0 Library/communication/console.o

.rel.bss
 *(.rel.bss .rel.bss.* .rel.gnu.linkonce.b.*)

.rela.bss
 *(.rela.bss .rela.bss.* .rela.gnu.linkonce.b.*)

.rel.plt
 *(.rel.plt)

.rela.plt
 *(.rela.plt)

.init
 *(.init)

.plt
 *(.plt)

.text           0x80002010    0x3ce88
 *(.text .stub .text.* .gnu.linkonce.t.*)
 .text          0x80002010      0x1ac Library/communication/console.o
                0x80002010                console_get_in_stream
                0x8000202c                console_get_out_stream
                0x80002048                console_init
 .text          0x800021bc     0x1950 Library/communication/data_logging.o
                0x80002400                data_logging_add_parameter_double
                0x8000247c                data_logging_add_parameter_float
                0x800024f8                data_logging_add_parameter_int64
                0x80002574                data_logging_add_parameter_uint64
                0x800025f0                data_logging_add_parameter_int32
                0x8000266c                data_logging_add_parameter_uint32
                0x800026e8                data_logging_add_parameter_int16
                0x80002764                data_logging_add_parameter_uint16
                0x800027e0                data_logging_add_parameter_int8
                0x8000285c                data_logging_add_parameter_uint8
                0x800028d8                data_logging_init
                0x80002a14                data_logging_create_new_log_file
                0x80002ca0                data_logging_update
 .text          0x80003b0c      0x284 Library/communication/hud.o
                0x80003b0c                hud_send_message
                0x80003d64                hud_init
 .text          0x80003d90      0x2c8 Library/communication/mavlink_communication.o
                0x80003d90                mavlink_communication_suspend_downstream
                0x80003dd8                mavlink_communication_update
                0x80003e38                mavlink_communication_init
 .text          0x80004058      0x710 Library/communication/mavlink_message_handler.o
                0x80004058                mavlink_message_handler_add_cmd_callback
                0x800040bc                mavlink_message_handler_add_msg_callback
                0x80004124                mavlink_message_handler_cmd_default_dbg
                0x80004270                mavlink_message_handler_msg_default_dbg
                0x80004310                mavlink_message_handler_receive
                0x800046d0                mavlink_message_handler_init
 .text          0x80004768     0x3830 Library/communication/mavlink_waypoint_handler.o
                0x800047fc                waypoint_handler_init_homing_waypoint
                0x80004844                waypoint_handler_control_time_out_waypoint_msg
                0x80004930                waypoint_handler_init_waypoint_list
                0x80004a98                waypoint_handler_set_waypoint_from_frame
                0x800050ac                waypoint_handler_nav_plan_init
                0x8000529c                waypoint_handler_init
 .text          0x80007f98      0xb70 Library/communication/remote.o
                0x80007f98                remote_check
                0x80007fa4                remote_calibrate
                0x80007fc4                remote_get_throttle
                0x80007fd0                remote_get_roll
                0x80007fdc                remote_get_pitch
                0x80007fe8                remote_get_yaw
                0x80007ff4                remote_mode_init
                0x80008042                remote_mode_update
                0x80008260                remote_mode_get
                0x8000826e                remote_update
                0x800084f8                remote_init
                0x80008608                remote_send_raw
                0x8000887c                remote_send_scaled
 .text          0x80008b08      0x65c Library/communication/state.o
                0x80008b08                state_send_status
                0x80008cfc                state_init
                0x80008eb8                state_send_heartbeat
 .text          0x80009164      0x188 Library/communication/state_machine.o
                0x80009164                state_machine_init
                0x800091a0                state_machine_update
 .text          0x800092ec      0x244 Library/control/adaptive_parameter.o
                0x800092ec                adaptive_parameter_get_param_set
                0x80009308                adaptive_parameter_init
                0x80009328                adaptive_parameter_add
                0x800093d0                adaptive_parameter_update
                0x8000949c                adaptive_parameter_update_all
 .text          0x80009530       0xe8 Library/control/attitude_controller_p2.o
                0x80009530                attitude_controller_p2_update
                0x800095d4                attitude_controller_p2_init
 .text          0x80009618      0x2dc Library/control/attitude_error_estimator.o
                0x80009618                attitude_error_estimator_init
                0x80009638                attitude_error_estimator_set_quat_ref
                0x80009656                attitude_error_estimator_set_quat_ref_from_rpy
                0x800096b4                attitude_error_estimator_set_quat_ref_from_aero
                0x80009700                attitude_error_estimator_update
 .text          0x800098f4      0x768 Library/control/joystick_parsing.o
                0x800098f4                joystick_parsing_button
                0x80009910                joystick_parsing_get_velocity_vector_from_joystick
                0x800099d8                joystick_parsing_get_attitude_command_from_joystick
                0x80009a88                joystick_parsing_send_manual_ctrl_msg
                0x80009de8                joystick_parsing_init
                0x80009e6c                joystick_parsing_button_1
                0x80009ef8                joystick_parsing_button_mask
                0x80009f74                joystick_parsing_parse_msg
 .text          0x8000a05c      0x290 Library/control/pid_control.o
                0x8000a05c                pid_control_reset_integrator
                0x8000a06a                pid_control_update_dt
                0x8000a15c                pid_control_pass_through_controller
                0x8000a1b8                pid_control_update
 .text          0x8000a2ec      0x184 Library/control/servos_mix_quadcopter_cross.o
                0x8000a2ec                servo_mix_quadcotper_cross_init
                0x8000a324                servos_mix_quadcopter_cross_update
 .text          0x8000a470      0x18c Library/control/servos_mix_quadcopter_diag.o
                0x8000a470                servo_mix_quadcotper_diag_init
                0x8000a4a8                servos_mix_quadcopter_diag_update
 .text          0x8000a5fc      0xa54 Library/control/stabilisation_copter.o
                0x8000a5fc                stabilisation_copter_mix_to_servos_cross_quad
                0x8000a738                stabilisation_copter_mix_to_servos_diag_quad
                0x8000a888                stabilisation_copter_init
                0x8000a920                stabilisation_copter_position_hold
                0x8000aad0                stabilisation_copter_cascade_stabilise
 .text          0x8000b050      0x7c8 Library/hal/analog_monitor.o
                0x8000b050                analog_compute_avg
                0x8000b0f8                analog_monitor_send_sonar
                0x8000b25c                trigger_analog_monitor
                0x8000b284                analog_monitor_update
                0x8000b4cc                analog_monitor_init
                0x8000b7f0                CONV_FACTOR
 .text          0x8000b818      0x290 Library/hal/fat_fs/diskio.o
                0x8000b818                get_fattime
                0x8000b900                disk_ioctl
                0x8000b988                disk_write
                0x8000b9e0                disk_read
                0x8000ba2c                disk_status
                0x8000ba70                disk_initialize
 .text          0x8000baa8     0x60f8 Library/hal/fat_fs/ff.o
                0x8000baa8                clust2sect
                0x8000bf58                f_closedir
                0x8000c9a8                f_mount
                0x8000ca94                f_sync
                0x8000cc28                f_close
                0x8000cc88                get_fat
                0x8000cfe0                f_getfree
                0x8000d1a4                f_read
                0x8000d4a4                f_gets
                0x8000d524                put_fat
                0x8000ea40                f_readdir
                0x8000ee18                f_lseek
                0x8000f004                f_write
                0x8000f334                f_puts
                0x8000f3ec                f_putc
                0x8000f440                f_printf
                0x8000fb98                f_truncate
                0x8000fe30                f_opendir
                0x8000ff18                f_utime
                0x8000ffc0                f_chmod
                0x80010068                f_unlink
                0x80010d38                f_rename
                0x80011018                f_mkdir
                0x80011394                f_open
                0x800116b4                f_stat
 .text          0x80011ba0      0x588 Library/hal/fat_fs/option/ccsbcs.o
                0x80011ba0                ff_convert
                0x80011c18                ff_wtoupper
 .text          0x80012128       0x38 Library/hal/fat_fs/option/syscall.o
                0x80012128                ff_memfree
                0x80012144                ff_memalloc
 .text          0x80012160        0x0 Library/hal/fat_fs/option/unicode.o
 .text          0x80012160     0x29dc Library/hal/gps_ublox.o
                0x800121e4                gps_ublox_init
                0x800126e4                gps_ublox_configure_gps
                0x80012800                gps_ublox_update
                0x800146e4                gps_ublox_send_raw
 .text          0x80014b3c       0xd4 Library/hal/hmc5883l.o
                0x80014b3c                hmc5883l_update
                0x80014ba4                hmc5883l_init_slow
 .text          0x80014c10      0x300 Library/hal/i2c_driver_int.o
                0x80014cf0                i2c_driver_trigger_request
                0x80014db4                i2c_driver_reset
                0x80014e1e                i2c_driver_init
 .text          0x80014f10      0x3c8 Library/hal/lsm330dlc.o
                0x80014f10                lsm330dlc_init
                0x80015034                lsm330dlc_acc_update
                0x8001516c                lsm330dlc_gyro_update
 .text          0x800152d8      0x5ec Library/hal/piezo_speaker.o
                0x800152d8                piezo_speaker_init_binary
                0x80015320                piezo_speaker_init
                0x8001538c                piezo_speaker_beep
                0x8001545c                piezo_speaker_mario_melody
                0x80015530                piezo_speaker_star_wars
                0x80015764                piezo_speaker_critical_error_melody
                0x800157ac                piezo_speaker_quick_startup
                0x800157ec                piezo_speaker_startup_melody
 .text          0x800158c4      0x27c Library/hal/pwm_servos.o
                0x800158c4                write_channels
                0x8001590e                pwm_servos_write_to_hardware
                0x80015a28                pwm_servos_init
                0x80015b38                servo_timer_freq
                0x80015b3c                servo_center_pulse_us
                0x80015b3e                servo_magnitude
 .text          0x80015b40     0x30ac Library/hal/sd_spi.o
                0x80015b40                sd_spi_get_sector_count
                0x80015b68                sd_spi_get_sector_size
                0x80015b78                sd_spi_get_block_size
                0x80015bec                sd_spi_get_capacity
                0x800160ac                sd_spi_reset_card
                0x8001618c                sd_spi_wait_not_busy
                0x8001622c                sd_spi_write_given_sector_from_ram
                0x800164d0                sd_mmc_spi_read_open_PDCA
                0x80016604                sd_spi_read_sector_to_ram_pcda
                0x80016790                sd_spi_status
                0x80016af0                sd_spi_read_given_sector_to_ram
                0x80016c98                sd_mmc_spi_read_sector_to_ram
                0x80016e18                sd_spi_write_sector_from_ram
                0x8001701c                is_sd_spi_write_pwd_locked
                0x800173b0                sd_spi_init
                0x8001819c                sd_spi_mem_check
                0x80018540                sd_spi_test
                0x800187e8                dummy_data
 .text          0x80018bec      0x3ec Library/hal/servos.o
                0x80018bec                servos_set_value
                0x80018c42                servos_set_value_failsafe
                0x80018c70                servos_mavlink_send
                0x80018ef0                servos_init
 .text          0x80018fd8      0x254 Library/hal/sonar_i2cxl.o
                0x80018fd8                sonar_i2cxl_send_telemetry
                0x8001912c                sonar_i2cxl_init
                0x80019174                sonar_i2cxl_get_last_measure
                0x800191cc                sonar_i2cxl_send_range_command
                0x800191fc                sonar_i2cxl_update
                0x80019228                SONAR_I2CXL_DEFAULT_ADDRESS
                0x80019229                SONAR_I2CXL_RANGE_COMMAND
                0x8001922a                SONAR_I2CXL_CHANGE_ADDRESS_COMMAND_1
                0x8001922b                SONAR_I2CXL_CHANGE_ADDRESS_COMMAND_2
 .text          0x8001922c      0x6f4 Library/hal/spektrum_satellite.o
                0x8001922c                spektrum_satellite_get_pointer
                0x80019248                spektrum_satellite_get_channel
                0x8001926c                spektrum_satellite_get_neutral
                0x8001964c                spektrum_satellite_switch_off
                0x80019678                spektrum_satellite_switch_on
                0x800196a4                spektrum_satellite_init
                0x8001975c                spektrum_satellite_bind
 .text          0x80019920      0x15c Library/hal/time_keeper.o
                0x80019920                time_keeper_ticks_to_seconds
                0x8001995c                time_keeper_get_time_ticks
                0x8001997c                time_keeper_get_micros
                0x80019998                time_keeper_delay_until
                0x800199bc                time_keeper_delay_micros
                0x800199ec                time_keeper_get_millis
                0x80019a18                time_keeper_get_time
                0x80019a48                time_keeper_init
 .text          0x80019a7c       0xec Library/hal/usb_int.o
                0x80019a7c                usb_int_set_usb_conf
                0x80019aa4                usb_int_get_usb_handle
                0x80019ac0                usb_int_register_write_stream
                0x80019ae8                usb_int_register_read_stream
                0x80019af4                usb_int_send_byte
                0x80019b40                usb_int_init
 .text          0x80019b68      0x10c Library/hal/xbee.o
                0x80019b68                xbee_get_in_stream
                0x80019b84                xbee_get_out_stream
                0x80019ba0                xbee_init
 .text          0x80019c74      0x480 Library/sensing/ahrs.o
                0x80019c74                ahrs_init
                0x80019cb6                ahrs_send_attitude_quaternion
                0x80019ee0                ahrs_send_attitude
 .text          0x8001a0f4     0x122c Library/sensing/position_estimation.o
                0x8001a0f4                position_estimation_reset_home_altitude
                0x8001a418                position_estimation_send_global_position
                0x8001a714                position_estimation_init
                0x8001a8e0                position_estimation_send_position
                0x8001aed0                position_estimation_update
 .text          0x8001b320      0xb3c Library/sensing/qfilter.o
                0x8001b320                qfilter_init
                0x8001b378                qfilter_update
 .text          0x8001be5c      0x920 Library/util/linear_algebra.o
                0x8001be5c                inv4
                0x8001c58c                inv3
                0x8001c6ec                inv2
 .text          0x8001c77c      0x470 Library/util/matrixlib_float.o
                0x8001c77c                matf_zeros
                0x8001c7a8                matf_diag
                0x8001c7e2                matf_copy
                0x8001c804                matf_cross
                0x8001c858                matf_copy_part
                0x8001c8b6                matf_sum
                0x8001c8dc                matf_add
                0x8001c90c                matf_multiply_factor
                0x8001c932                matf_sub
                0x8001c962                matf_tr
                0x8001c9a2                matf_multiply
                0x8001ca8c                matf_multiply_Bt
                0x8001cb68                matf_norm
                0x8001cba0                matf_std
 .text          0x8001cbec      0x7ec Library/util/quick_trig.o
                0x8001cbec                quick_trig_atan
                0x8001cd24                quick_trig_acos
                0x8001ce04                quick_trig_asin
                0x8001ce2c                quick_trig_tan
                0x8001cf34                quick_trig_sin
                0x8001d060                quick_trig_cos
                0x8001d088                acos_x_min
                0x8001d08c                acos_x_max
                0x8001d090                acos_x_step
                0x8001d094                acos_y
                0x8001d15c                sin_x_min
                0x8001d160                sin_x_max
                0x8001d164                sin_x_step
                0x8001d168                sin_y
                0x8001d230                tan_x_min
                0x8001d234                tan_x_max
                0x8001d238                tan_x_step
                0x8001d23c                tan_y
                0x8001d304                atan_x_min
                0x8001d308                atan_x_max
                0x8001d30c                atan_x_step
                0x8001d310                atan_y
 .text          0x8001d3d8      0x3ec Private_Library/neighbor_selection.o
                0x8001d3d8                neighbors_selection_extrapolate_or_delete_position
                0x8001d4dc                neighbors_selection_read_message_from_neighbors
                0x8001d75c                neighbors_selection_init
 .text          0x8001d7c4     0x1a60 Private_Library/orca.o
                0x8001d7c4                orca_init
                0x8001e224                orca_compute_new_velocity
                0x8001f054                orca_update
 .text          0x8001f224      0xb48 src/central_data.o
                0x8001f224                central_data_get_pointer_to_struct
                0x8001f240                central_data_init
 .text          0x8001fd6c      0xc84 src/mavlink_telemetry.o
                0x8001fd6c                mavlink_telemetry_add_data_logging_parameters
                0x8001fe50                mavlink_telemetry_add_onboard_parameters
                0x8002060c                mavlink_telemetry_init
 .text          0x800209f0      0x990 src/tasks.o
                0x800209f0                tasks_get_main_taskset
                0x80020a1c                tasks_create_tasks
                0x80020c20                tasks_led_toggle
                0x80020c40                tasks_run_barometer_update
                0x80020c88                tasks_run_gps_update
                0x80020cd0                tasks_run_imu_update
                0x80020d70                tasks_run_stabilisation
                0x800211a0                tasks_run_stabilisation_quaternion
 .text          0x80021380      0x474 Library/communication/mavlink_stream.o
                0x80021380                mavlink_stream_init
                0x800213a8                mavlink_stream_flush
                0x800213be                mavlink_stream_receive
                0x8002169c                mavlink_stream_send
 .text          0x800217f4      0xb9c Library/communication/onboard_parameters.o
                0x80021820                onboard_parameters_read_parameters_from_flashc
                0x800218f4                onboard_parameters_write_parameters_to_flashc
                0x800219d0                onboard_parameters_preflight_storage
                0x80021ca8                onboard_parameters_add_parameter_float
                0x80021d50                onboard_parameters_add_parameter_int32
                0x80021df8                onboard_parameters_add_parameter_uint32
                0x80021e88                onboard_parameters_init
 .text          0x80022390     0x14d4 Library/control/navigation.o
                0x80022390                navigation_critical_handler
                0x80022508                navigation_waypoint_take_off_init
                0x80022670                navigation_waypoint_hold_init
                0x8002278c                navigation_hold_position_handler
                0x80022834                navigation_waypoint_take_off_handler
                0x80022d80                navigation_init
                0x80022fec                navigation_waypoint_navigation_handler
                0x80023628                navigation_update
 .text          0x80023864      0x578 Library/control/stabilisation.o
                0x80023864                stabilisation_run
                0x800238d0                stabilisation_init
                0x80023914                stabilisation_send_rpy_rates_error
                0x80023aac                stabilisation_send_rpy_thrust_setpoint
                0x80023c40                stabilisation_send_rpy_speed_thrust_setpoint
 .text          0x80023ddc      0x484 Library/hal/adc_int.o
                0x80023ddc                adc_int_clear_sequencer
                0x80023e08                adc_int_sequencer_add
                0x80023e80                adc_int_sampling_complete
                0x80023eac                adc_int_get_sample
                0x80023ed0                adc_int_get_buffer
                0x80023eec                adc_int_get_sampling_status
                0x80023f08                adc_int_get_period
                0x80023f24                adc_int_stop_sampling
                0x80023f4c                adc_int_start_sampling
                0x80024000                adc_int_init
 .text          0x80024260      0x39c Library/hal/ads1274.o
                0x80024260                get_interrupt_counter
                0x8002427c                ads1274_set_DAC_generator_function
                0x80024298                get_sample
                0x800242c0                get_sampling_status
                0x800242e0                ads1274_ADC_switch_channel
                0x800242ea                ads1274_ADC_set_mode
                0x800242f4                ads1274_ADC_start_oneshot
                0x80024314                eic_nmi_handler
                0x8002434c                ads1274_ADC_switch_clock
                0x800243a4                ads1274_init_DAC
                0x800244ec                process_data
 .text          0x800245fc      0x9b0 Library/hal/bmp085.o
                0x800245fc                bmp085_reset_origin_altitude
                0x80024618                bmp085_send_pressure
                0x80024794                bmp085_update
                0x80024bcc                bmp085_init_slow
                0x80024f78                bmp085_init
 .text          0x80024fac      0x300 Library/hal/dac_dma.o
                0x80024fac                DAC_pause
                0x80024fb6                DAC_resume
                0x80024fc0                DAC_is_finished
                0x80024fca                dac_dma_set_value
                0x80024fe8                dac_dma_play
                0x800250a8                dac_dma_init
                0x80025188                init_gclk
                0x800251b8                init_pevc
                0x800251fc                dac_dma_load_buffer
 .text          0x800252ac      0x34c Library/hal/led.o
                0x800252ac                LED_Read_Display
                0x800252c8                LED_Display
                0x80025374                LED_Read_Display_Mask
                0x80025394                LED_Test
                0x800253b8                LED_Get_Intensity
                0x800253c2                LED_Set_Intensity
                0x800253cc                LED_Read_Display_Field
                0x800253f8                LED_Toggle
                0x80025458                LED_Off
                0x800254b8                LED_On
                0x8002551c                LED_Display_Mask
                0x800255a0                LED_Display_Field
 .text          0x800255f8      0x71c Library/hal/spi_buffered.o
                0x800255f8                spi_buffered_get_spi_in_buffer
                0x8002561c                spi_buffered_set_callback
                0x80025640                spi_buffered_pause
                0x80025668                spi_buffered_activate_receive
                0x80025690                spi_buffered_deactivate_receive
                0x800256b8                spi_buffered_clear_read_buffer
                0x800256e0                spi_buffered_get_traffic
                0x80025704                spi_buffered_read
                0x80025744                spi_buffered_is_transfered_finished
                0x80025770                spi_buffered_bytes_available
                0x8002579c                spi_buffered_transmit
                0x80025810                spi_handler
                0x800258a4                spi1_int_handler
                0x800258c4                spi0_int_handler
                0x800258e4                spi_buffered_start
                0x80025948                spi_buffered_write
                0x8002599c                spi_buffered_resume
                0x800259d0                spi_buffered_flush_buffer
                0x80025a0c                spi_buffered_disable
                0x80025a3c                spi_buffered_enable
                0x80025a6c                spi_buffered_trigger_DMA
                0x80025b00                spi_buffered_init_DMA
                0x80025be8                spi_buffered_init
 .text          0x80025d14      0x6b0 Library/hal/uart_int.o
                0x80025d14                uart_int_set_usart_conf
                0x80025da0                uart_int_get_uart_handle
                0x80025dc4                uart_int_register_write_stream
                0x80025dfc                uart_int_register_read_stream
                0x80025e0a                uart_out_buffer_empty
                0x80025e2c                uart_int_flush
                0x80025e58                uart_int_send_byte
                0x80025e94                uart_int_bytes_available
                0x80025eb4                uart_int_get_byte
                0x80025ed8                register_UART_handler
                0x80025fb0                uart_int_init
 .text          0x800263c4      0xe44 Library/runtime/scheduler.o
                0x800263c4                scheduler_sort_tasks
                0x80026508                scheduler_get_task_by_id
                0x8002654c                scheduler_get_task_by_index
                0x8002656e                scheduler_change_run_mode
                0x8002657a                scheduler_run_task_now
                0x800265a8                scheduler_change_task_period
                0x800265d8                scheduler_suspend_task
                0x800265fc                scheduler_update
                0x800267a0                scheduler_add_task
                0x8002686c                scheduler_init
                0x800268d4                scheduler_send_rt_stats
 .text          0x80027208      0x91c Library/sensing/imu.o
                0x80027208                imu_send_raw
                0x80027490                imu_init
                0x800275b0                imu_update
                0x800277e4                imu_calibrate_gyros
                0x80027878                imu_send_scaled
 .text          0x80027b24     0x2938 Library/sensing/simulation.o
                0x80027b24                forces_from_servos_cross_quad
                0x80027b2e                simulation_calib_set
                0x80027c7c                simulation_send_state
                0x80028154                simulation_switch_from_simulation_to_reality
                0x80028388                simulation_switch_from_reality_to_simulation
                0x80028578                simulation_fake_gps_fix
                0x8002865c                simulation_simulate_gps
                0x800286fc                simulation_simulate_barometer
                0x8002873c                simulation_init
                0x80028904                simulation_send_quaternions
                0x80028e14                forces_from_servos_diag_quad
                0x800295f4                simulation_update
 .text          0x8002a45c      0x1bc Library/util/buffer.o
                0x8002a45c                buffer_full
                0x8002a478                buffer_put_lossy
                0x8002a4c4                buffer_put
                0x8002a514                buffer_get
                0x8002a544                buffer_empty
                0x8002a55c                buffer_bytes_available
                0x8002a578                buffer_init
                0x8002a590                buffer_clear
                0x8002a5a8                buffer_make_buffered_stream
                0x8002a5e0                buffer_make_buffered_stream_lossy
 .text          0x8002a618      0x5a0 Library/util/coord_conventions.o
                0x8002a618                coord_conventions_get_yaw
                0x8002a690                coord_conventions_quaternion_from_aero
                0x8002a778                coord_conventions_quat_to_aero
                0x8002a8c8                coord_conventions_local_to_global_position
                0x8002a9fc                coord_conventions_global_to_local_position
 .text          0x8002abb8      0x154 Library/util/generator.o
                0x8002abb8                generator_init_dac_buffer_triangle
                0x8002ac1c                generator_ramp_generator
                0x8002ac2a                generator_arbitrary_generator
                0x8002ac50                generator_init_dac_buffer_sine
 .text          0x8002ad0c      0x6b8 Library/util/print_util.o
                0x8002ad0c                print_util_get_debug_stream
                0x8002ad28                print_util_dbg_print_init
                0x8002ad44                print_util_putstring
                0x8002ad7c                print_util_putdigit
                0x8002adb4                print_util_putnum
                0x8002ae40                print_util_putlong
                0x8002af1c                putnum_tight
                0x8002afa0                print_util_putfloat
                0x8002b068                print_util_print_vector
                0x8002b0fc                print_util_print_quaternion
                0x8002b170                print_util_print_matrix
                0x8002b254                print_util_dbg_print
                0x8002b27c                print_util_dbg_print_num
                0x8002b2a8                print_util_dbg_putfloat
                0x8002b2d4                print_util_dbg_print_vector
                0x8002b300                print_util_dbg_print_quaternion
                0x8002b32c                print_util_dbg_log_value
                0x8002b378                print_util_dbg_print_long
 .text          0x8002b3c4        0x0 Library/util/sinus.o
 .text          0x8002b3c4      0x594 src/asf/avr32/drivers/adcifa/adcifa.o
                0x8002b3c4                adcifa_get_calibration_data
                0x8002b400                adcifa_configure
                0x8002b4b4                adcifa_configure_sequencer
                0x8002b768                adcifa_configure_window_monitor
                0x8002b7e6                adcifa_start_sequencer
                0x8002b822                adcifa_check_eoc
                0x8002b854                adcifa_check_eos
                0x8002b886                adcifa_get_values_from_sequencer
                0x8002b910                adcifa_start_itimer
                0x8002b922                adcifa_stop_itimer
                0x8002b930                adcifa_enable_interrupt
                0x8002b93e                adcifa_disable_interrupt
                0x8002b94c                adcifa_clear_interrupt
 .text          0x8002b958      0x21c src/asf/avr32/drivers/ast/ast.o
                0x8002b958                ast_enable
                0x8002b978                ast_set_calendar_value
                0x8002b996                ast_init_calendar
                0x8002b9d4                ast_set_counter_value
                0x8002b9f0                ast_init_counter
                0x8002ba1c                ast_get_calendar_value
                0x8002ba28                ast_get_counter_value
                0x8002ba34                ast_set_alarm0_value
                0x8002ba40                ast_set_alarm1_value
                0x8002ba4c                ast_enable_alarm0
                0x8002ba6e                ast_disable_alarm0
                0x8002ba90                ast_enable_alarm1
                0x8002bab2                ast_disable_alarm1
                0x8002bad4                ast_set_periodic0_value
                0x8002bae0                ast_set_periodic1_value
                0x8002baec                ast_enable_periodic0
                0x8002bb0e                ast_disable_periodic0
                0x8002bb30                ast_enable_periodic1
                0x8002bb52                ast_disable_periodic1
 .text          0x8002bb74      0x444 src/asf/avr32/drivers/dacifb/dacifb.o
                0x8002bb74                dacifb_get_calibration_data
                0x8002bba2                dacifb_check_eoc
                0x8002bbae                dacifb_set_value
                0x8002bbea                dacifb_reload_timer
                0x8002bc42                dacifb_start_channel
                0x8002bcec                dacifb_configure_channel
                0x8002bf12                dacifb_configure
 .text          0x8002bfb8      0x1c8 src/asf/avr32/drivers/eic/eic.o
                0x8002bfb8                eic_init
                0x8002c072                eic_enable_lines
                0x8002c07e                eic_enable_line
                0x8002c090                eic_disable_lines
                0x8002c09c                eic_disable_line
                0x8002c0ae                eic_is_line_enabled
                0x8002c0c6                eic_enable_interrupt_lines
                0x8002c0d2                eic_enable_interrupt_line
                0x8002c0e4                eic_is_interrupt_line_enabled
                0x8002c0fc                eic_is_interrupt_line_pending
                0x8002c114                eic_clear_interrupt_line
                0x8002c132                eic_clear_interrupt_lines
                0x8002c14a                eic_disable_interrupt_line
                0x8002c168                eic_disable_interrupt_lines
 .text          0x8002c180     0x18f4 src/asf/avr32/drivers/flashc/flashc.o
                0x8002c180                flashc_get_flash_size
                0x8002c1a8                flashc_get_page_count
                0x8002c1c8                flashc_get_page_count_per_region
                0x8002c1e8                flashc_get_region_first_page_number
                0x8002c208                flashc_get_wait_state
                0x8002c21c                flashc_set_wait_state
                0x8002c232                flashc_set_bus_freq
                0x8002c270                flashc_is_ready_int_enabled
                0x8002c284                flashc_enable_ready_int
                0x8002c29a                flashc_is_lock_error_int_enabled
                0x8002c2ae                flashc_enable_lock_error_int
                0x8002c2c4                flashc_is_prog_error_int_enabled
                0x8002c2d8                flashc_enable_prog_error_int
                0x8002c2ee                flashc_is_ready
                0x8002c302                flashc_default_wait_until_ready
                0x8002c320                flashc_is_lock_error
                0x8002c340                flashc_is_programming_error
                0x8002c360                flashc_get_command
                0x8002c374                flashc_get_page_number
                0x8002c388                flashc_get_page_region
                0x8002c3bc                flashc_issue_command
                0x8002c410                flashc_no_operation
                0x8002c430                flashc_erase_all
                0x8002c450                flashc_is_security_bit_active
                0x8002c464                flashc_activate_security_bit
                0x8002c484                flashc_is_region_locked
                0x8002c4a4                flashc_is_page_region_locked
                0x8002c4cc                flashc_lock_page_region
                0x8002c4f8                flashc_lock_region
                0x8002c52c                flashc_lock_all_regions
                0x8002c6d0                flashc_read_all_gp_fuses
                0x8002c6f6                flashc_read_gp_fuse_byte
                0x8002c740                flashc_read_gp_fuse_bitfield
                0x8002c7c0                flashc_get_bootloader_protected_size
                0x8002c7f4                flashc_read_gp_fuse_bit
                0x8002c83c                flashc_is_external_privileged_fetch_locked
                0x8002c860                flashc_erase_gp_fuse_bit
                0x8002c89c                flashc_erase_gp_fuse_bitfield
                0x8002c950                flashc_erase_all_gp_fuses
                0x8002c98c                flashc_write_gp_fuse_bit
                0x8002c9b4                flashc_write_gp_fuse_bitfield
                0x8002ca20                flashc_write_gp_fuse_byte
                0x8002ca48                flashc_erase_gp_fuse_byte
                0x8002cc44                flashc_write_all_gp_fuses
                0x8002cd50                flashc_set_gp_fuse_bit
                0x8002cd80                flashc_lock_external_privileged_fetch
                0x8002cda8                flashc_set_gp_fuse_bitfield
                0x8002ce14                flashc_set_gp_fuse_byte
                0x8002ce84                flashc_set_all_gp_fuses
                0x8002cef8                flashc_clear_page_buffer
                0x8002cf18                flashc_is_page_erased
                0x8002cf2c                flashc_quick_page_read
                0x8002cf58                flashc_erase_page
                0x8002cfa0                flashc_erase_all_pages
                0x8002cffc                flashc_write_page
                0x8002d01c                flashc_quick_user_page_read
                0x8002d048                flashc_erase_user_page
                0x8002d07c                flashc_write_user_page
                0x8002d09c                flashc_memset64
                0x8002d3c8                flashc_memset32
                0x8002d3f4                flashc_memset16
                0x8002d414                flashc_memset8
                0x8002d438                flashc_memcpy
                0x8002d964                flashc_set_flash_waitstate_and_readmode
                0x8002d9d0                flashc_set_bootloader_protected_size
 .text          0x8002da74      0x64c src/asf/avr32/drivers/gpio/gpio.o
                0x8002da74                gpio_enable_module_pin
                0x8002db54                gpio_enable_module
                0x8002db94                gpio_enable_gpio_pin
                0x8002dbb2                gpio_enable_gpio
                0x8002dbe4                gpio_enable_pin_pull_up
                0x8002dc04                gpio_disable_pin_pull_up
                0x8002dc20                gpio_enable_pin_pull_down
                0x8002dc40                gpio_disable_pin_pull_down
                0x8002dc5c                gpio_enable_pin_buskeeper
                0x8002dc7c                gpio_disable_pin_buskeeper
                0x8002dc9c                gpio_configure_pin
                0x8002dd66                gpio_configure_group
                0x8002de1e                gpio_get_pin_value
                0x8002de3c                gpio_get_gpio_pin_output_value
                0x8002de5a                gpio_get_gpio_open_drain_pin_output_value
                0x8002de7c                gpio_set_gpio_pin
                0x8002de9e                gpio_set_pin_high
                0x8002deba                gpio_set_group_high
                0x8002dece                gpio_set_pin_low
                0x8002deea                gpio_clr_gpio_pin
                0x8002df0c                gpio_set_group_low
                0x8002df20                gpio_tgl_gpio_pin
                0x8002df42                gpio_toggle_pin
                0x8002df5e                gpio_toggle_group
                0x8002df72                gpio_set_gpio_open_drain_pin
                0x8002df90                gpio_clr_gpio_open_drain_pin
                0x8002dfb2                gpio_tgl_gpio_open_drain_pin
                0x8002dfd4                gpio_enable_pin_glitch_filter
                0x8002dff0                gpio_disable_pin_glitch_filter
                0x8002e00c                gpio_enable_pin_interrupt
                0x8002e066                gpio_disable_pin_interrupt
                0x8002e082                gpio_get_pin_interrupt_flag
                0x8002e0a2                gpio_clear_pin_interrupt_flag
 .text          0x8002e0c0        0x0 src/asf/avr32/drivers/intc/exception.o
 .text          0x8002e0c0       0xf4 src/asf/avr32/drivers/intc/intc.o
                0x8002e0c8                INTC_register_interrupt
                0x8002e10c                INTC_init_interrupts
                0x8002e16c                _get_interrupt_handler
 .text          0x8002e1b4      0x394 src/asf/avr32/drivers/pdca/pdca.o
                0x8002e1b4                pdca_get_handler
                0x8002e1ce                pdca_get_channel_status
                0x8002e1f0                pdca_disable
                0x8002e210                pdca_enable
                0x8002e230                pdca_get_load_size
                0x8002e250                pdca_get_reload_size
                0x8002e270                pdca_set_peripheral_select
                0x8002e290                pdca_set_transfer_size
                0x8002e2b8                pdca_disable_event_trigger
                0x8002e2dc                pdca_enable_event_trigger
                0x8002e300                pdca_enable_interrupt_transfer_error
                0x8002e320                pdca_enable_interrupt_transfer_complete
                0x8002e340                pdca_enable_interrupt_reload_counter_zero
                0x8002e360                pdca_get_transfer_status
                0x8002e380                pdca_disable_interrupt_reload_counter_zero
                0x8002e3bc                pdca_disable_interrupt_transfer_complete
                0x8002e3f8                pdca_disable_interrupt_transfer_error
                0x8002e434                pdca_reload_channel
                0x8002e480                pdca_load_channel
                0x8002e4cc                pdca_init_channel
 .text          0x8002e548      0x376 src/asf/avr32/drivers/pevc/pevc.o
                0x8002e548                pevc_channel_configure
                0x8002e5cc                pevc_igfd_set
                0x8002e5dc                pevc_channels_enable
                0x8002e5fa                pevc_channels_disable
                0x8002e618                pevc_get_channel_status
                0x8002e656                pevc_get_channel_state
                0x8002e694                pevc_channel_sev_enable
                0x8002e6b0                pevc_channels_trigger_sev
                0x8002e6ce                pevc_channel_sev_disable
                0x8002e6ea                pevc_channels_enable_trigger_interrupt
                0x8002e708                pevc_channels_disable_trigger_interrupt
                0x8002e726                pevc_channel_is_trigger_interrupt_enabled
                0x8002e768                pevc_channel_is_trigger_interrupt_raised
                0x8002e7a6                pevc_channel_clear_trigger_interrupt
                0x8002e7d2                pevc_channels_enable_overrun_interrupt
                0x8002e7f0                pevc_channels_disable_overrun_interrupt
                0x8002e80e                pevc_channel_is_overrun_interrupt_enabled
                0x8002e850                pevc_channel_is_overrun_interrupt_raised
                0x8002e892                pevc_channel_clear_overrun_interrupt
 .text          0x8002e8be      0x1b6 src/asf/avr32/drivers/pm/pm_uc3c.o
                0x8002e8be                pm_wait_for_clk_ready
                0x8002e8e6                pm_disable_module
                0x8002e926                pm_enable_module
                0x8002e966                pm_disable_clk_domain_div
                0x8002e9b8                pm_set_clk_domain_div
                0x8002ea0a                pm_config_mainclk_safety
                0x8002ea4e                pm_set_mclk_source
 .text          0x8002ea74      0x370 src/asf/avr32/drivers/pm/power_clocks_lib.o
                0x8002ea74                pcl_read_gplp
                0x8002ea90                pcl_write_gplp
                0x8002eaac                pcl_configure_usb_clock
                0x8002eb24                pcl_switch_to_osc
                0x8002eb88                pcl_configure_clocks
 .text          0x8002ede4      0x8ec src/asf/avr32/drivers/pwm/pwm4.o
                0x8002ede4                pwm_write_protect_hw_lock
                0x8002eeb2                pwm_write_protect_sw_lock
                0x8002ef76                pwm_write_protect_sw_unlock
                0x8002f038                pwm_write_protect_status
                0x8002f056                pwm_channel_init
                0x8002f09c                pwm_start_channels
                0x8002f0ba                pwm_stop_channels
                0x8002f0d8                pwm_update_channel
                0x8002f122                pwm_interrupt_update_channel
                0x8002f158                pwm_output_override_setup
                0x8002f1bc                pwm_output_override_write
                0x8002f280                pwm_update_period_value
                0x8002f290                pwm_synchronous_prepare_update
                0x8002f2ce                pwm_update_manual_write_manual_update
                0x8002f2e2                pwm_update_manual_write_auto_update
                0x8002f2f8                pwm_update_auto_write_auto_update_check_ready
                0x8002f30e                pwm_update_auto_write_auto_update_check_eot
                0x8002f324                pwm_fault_lines_polarity_setup
                0x8002f3e8                pwm_fault_lines_level_setup
                0x8002f46c                pwm_fault_lines_enable
                0x8002f4b8                pwm_get_fault_status
                0x8002f4c8                pwm_clr_fault_status
                0x8002f4de                pwm_compare_match_setup
                0x8002f526                pwm_compare_match_reload_setup
                0x8002f56e                pwm_compare_event_enable
                0x8002f590                pwm_compare_event_disable
                0x8002f5ba                pwm_init
 .text          0x8002f6d0      0x850 src/asf/avr32/drivers/scif/scif_uc3c.o
                0x8002f6d0                scif_read_gplp
                0x8002f6e4                scif_write_gplp
                0x8002f702                scif_is_osc_ready
                0x8002f728                scif_wait_for_pll_locked
                0x8002f752                scif_start_gclk
                0x8002f798                scif_stop_gclk
                0x8002f7d0                scif_gc_setup
                0x8002f870                scif_gc_enable
                0x8002f894                scif_bod18_enable_irq
                0x8002f8a6                scif_bod18_clear_irq
                0x8002f8b8                scif_bod18_get_irq_status
                0x8002f8cc                scif_bod18_get_irq_enable_bit
                0x8002f8e0                scif_bod18_get_level
                0x8002f8f4                scif_bod33_enable_irq
                0x8002f908                scif_bod33_clear_irq
                0x8002f91c                scif_bod33_get_irq_status
                0x8002f930                scif_bod33_get_irq_enable_bit
                0x8002f944                scif_bod33_get_level
                0x8002f958                scif_bod50_enable_irq
                0x8002f96c                scif_bod50_clear_irq
                0x8002f980                scif_bod50_get_irq_status
                0x8002f994                scif_bod50_get_irq_enable_bit
                0x8002f9a8                scif_bod50_get_level
                0x8002f9bc                scif_bod50_disable_irq
                0x8002f9f0                scif_bod33_disable_irq
                0x8002fa24                scif_bod18_disable_irq
                0x8002fa54                scif_stop_rc120M
                0x8002fa80                scif_start_rc120M
                0x8002faaa                scif_stop_rc8M
                0x8002fad6                scif_start_rc8M
                0x8002fb0a                scif_stop_osc32
                0x8002fb36                scif_start_osc32
                0x8002fb94                scif_pll_disable
                0x8002fbdc                scif_pll_enable
                0x8002fc24                scif_pll_setup
                0x8002fc96                scif_enable_extosc
                0x8002fcde                scif_enable_osc
                0x8002fd50                scif_configure_osc_extmode
                0x8002fd98                scif_configure_osc_crystalmode
                0x8002fe5c                scif_stop_osc
                0x8002fe8e                scif_start_osc
 .text          0x8002ff20      0x3c0 src/asf/avr32/drivers/spi/spi.o
                0x8002ff20                getBaudDiv
                0x8002ff44                spi_initSlave
                0x8002ffa8                spi_initTest
                0x8002ffc4                spi_initMaster
                0x80030006                spi_selectionMode
                0x80030046                spi_selectChip
                0x800300a2                spi_unselectChip
                0x800300d2                spi_setupChipReg
                0x8003019c                spi_enable
                0x800301aa                spi_disable
                0x800301b8                spi_is_enabled
                0x800301c8                spi_writeRegisterEmptyCheck
                0x800301d8                spi_write
                0x800301fe                spi_variableSlaveWrite
                0x80030254                spi_writeEndCheck
                0x80030264                spi_readRegisterFullCheck
                0x80030274                spi_read
                0x800302a0                spi_getStatus
 .text          0x800302e0      0x472 src/asf/avr32/drivers/tc/tc.o
                0x800302e0                tc_get_interrupt_settings
                0x800302fc                tc_select_external_clock
                0x80030344                tc_init_capture
                0x8003036c                tc_init_waveform
                0x80030412                tc_start
                0x80030436                tc_stop
                0x8003045a                tc_software_trigger
                0x8003047e                tc_sync_trigger
                0x8003048e                tc_sync_start
                0x800304a8                tc_read_sr
                0x800304c4                tc_read_tc
                0x800304e4                tc_read_ra
                0x80030504                tc_read_rb
                0x80030524                tc_read_rc
                0x80030544                tc_write_ra
                0x80030588                tc_write_rb
                0x800305cc                tc_write_rc
                0x80030610                tc_configure_interrupts
 *fill*         0x80030752        0x2 d703d703
 .text          0x80030754      0x8cc src/asf/avr32/drivers/twim/twim.o
                0x800308cc                twim_set_speed
                0x8003094a                twim_status
                0x8003096c                twim_disable_interrupt
                0x80030988                twim_chained_transfer
                0x80030b84                twim_write
                0x80030c50                twim_probe
                0x80030c80                twim_write_packet
                0x80030d8c                twim_read
                0x80030e58                twim_read_packet
                0x80030f40                twim_master_init
 .text          0x80031020      0x9c8 src/asf/avr32/drivers/usart/usart.o
                0x80031020                usart_spi_selectChip
                0x80031030                usart_spi_unselectChip
                0x80031058                usart_write_char
                0x80031078                usart_send_address
                0x800310b8                usart_putchar
                0x800310f0                usart_read_char
                0x80031120                usart_getchar
                0x8003115c                usart_write_line
                0x8003118c                usart_get_echo_line
                0x800311f4                usart_reset
                0x80031228                usart_init_spi_slave
                0x800312c8                usart_init_spi_master
                0x80031388                usart_init_iso7816
                0x8003143c                usart_init_sync_slave
                0x80031508                usart_init_sync_master
                0x800315f8                usart_init_rs232_tx_only
                0x800316e4                usart_init_rs232
                0x80031800                usart_init_IrDA
                0x80031840                usart_init_rs485
                0x80031870                usart_init_modem
                0x800318a0                usart_init_hw_handshaking
                0x800318d0                usart_init_lin_master
                0x8003195c                usart_init_lin_slave
 .text          0x800319e8     0x1210 src/asf/avr32/drivers/usbc/usbc_device.o
                0x800319e8                udd_include_vbus_monitoring
                0x800319f2                udd_is_high_speed
                0x800319fc                udd_set_address
                0x80031a26                udd_getaddress
                0x80031a3a                udd_get_frame_number
                0x80031a4e                udd_get_micro_frame_number
                0x80031a58                udd_set_setup_payload
                0x80031a78                udd_ep_is_halted
                0x80031a92                udd_ep_clear_halt
                0x80031b00                udd_ep_wait_stall_clear
                0x80031b70                udd_ep_alloc
                0x80031db0                udd_ep_abort
                0x80031dd8                udd_ep_set_halt
                0x80031e18                udd_ep_free
                0x80031e48                udd_ep_run
                0x80032250                udd_enable
                0x80032974                udd_detach
                0x800329d8                udd_attach
                0x80032b10                udd_disable
                0x80032b9c                udd_send_wake_up
 .text          0x80032bf8       0x8c src/asf/avr32/services/delay/delay.o
                0x80032bf8                delay_init
                0x80032c14                delay_ms
 .text          0x80032c84        0x0 src/asf/avr32/utils/startup/startup_uc3.o
 .text._stext   0x80032c84       0x50 src/asf/avr32/utils/startup/startup_uc3.o
                0x80032c84                _stext
 .text          0x80032cd4        0x0 src/asf/avr32/utils/startup/trampoline_uc3.o
 .text          0x80032cd4       0x30 src/asf/common/boards/user_board/init.o
                0x80032cd4                board_init
 .text          0x80032d04      0x154 src/asf/common/services/clock/uc3c/osc.o
                0x80032d04                osc_priv_disable_rc120m
                0x80032d2a                osc_priv_enable_rc120m
                0x80032d50                osc_priv_disable_rc8m
                0x80032d7e                osc_priv_enable_rc8m
                0x80032dc0                osc_priv_disable_osc32
                0x80032de6                osc_priv_enable_osc32
                0x80032e0e                osc_priv_disable_osc0
                0x80032e32                osc_priv_enable_osc0
 .text          0x80032e58       0x80 src/asf/common/services/clock/uc3c/pll.o
                0x80032e58                pll_disable
                0x80032e82                pll_enable
                0x80032eae                pll_config_write
 .text          0x80032ed8      0x220 src/asf/common/services/clock/uc3c/sysclk.o
                0x80032ed8                sysclk_disable_usb
                0x80032eec                sysclk_set_source
                0x80032f0e                sysclk_set_prescalers
                0x80032f7e                sysclk_priv_disable_module
                0x80032fb8                sysclk_priv_enable_module
                0x80032ff0                sysclk_enable_usb
                0x8003304c                sysclk_init
 .text          0x800330f8        0x0 src/asf/common/services/sleepmgr/uc3/sleepmgr.o
 .text          0x800330f8      0x284 src/asf/common/services/spi/uc3_spi/spi_master.o
                0x800330f8                spi_read_packet
                0x80033150                spi_write_packet
                0x80033180                spi_master_setup_device
 .text          0x8003337c      0xab4 src/asf/common/services/usb/class/cdc/device/udi_cdc.o
                0x8003337c                udi_cdc_data_disable
                0x80033386                udi_cdc_comm_setup
                0x8003341c                udi_cdc_data_setup
                0x80033426                udi_cdc_getsetting
                0x80033430                udi_cdc_line_coding_received
                0x8003343a                udi_cdc_is_rx_ready
                0x8003346c                udi_cdc_is_tx_ready
                0x800334e0                udi_cdc_write_buf
                0x80033598                udi_cdc_putc
                0x80033610                udi_cdc_data_recevied
                0x800336b0                udi_cdc_signal_parity_error
                0x80033724                udi_cdc_serial_state_msg_sent
                0x800338ac                udi_cdc_data_sent
                0x800338e8                udi_cdc_data_sof_notify
                0x800338fc                udi_cdc_comm_disable
                0x80033928                udi_cdc_comm_enable
                0x80033970                udi_cdc_getc
                0x80033a58                udi_cdc_read_buf
                0x80033b64                udi_cdc_ctrl_signal_dcd
                0x80033bf8                udi_cdc_signal_framing_error
                0x80033c6c                udi_cdc_ctrl_signal_dsr
                0x80033d00                udi_cdc_signal_overrun
                0x80033d74                udi_cdc_data_enable
 .text          0x80033e30        0x0 src/asf/common/services/usb/class/cdc/device/udi_cdc_desc.o
 .text          0x80033e30      0x88c src/asf/common/services/usb/udc/udc.o
                0x80033e30                udc_get_interface_desc
                0x80033e4c                udc_sof_notify
                0x80034100                udc_reset
                0x80034154                udc_process_setup
 .text          0x800346bc       0x74 src/asf/common/utils/stdio/read.o
                0x800346bc                _read
 .text          0x80034730      0x154 src/asf/common/utils/stdio/stdio_usb/stdio_usb.o
                0x80034730                stdio_usb_enable
                0x80034750                stdio_usb_disable
                0x80034770                stdio_usb_vbus_event
                0x800347a0                stdio_usb_init
                0x80034804                stdio_usb_getchar
                0x8003484c                stdio_usb_putchar
 .text          0x80034884       0x50 src/asf/common/utils/stdio/write.o
                0x80034884                _write
 .text          0x800348d4      0x23c src/boardsupport.o
                0x800348d4                boardsupport_init
 .text          0x80034b10       0xc4 src/main.o
                0x80034b10                initialisation()
                0x80034b9c                main
 .text          0x80034bd4        0x0 c:/program files (x86)/atmel/atmel toolchain/avr32 gcc/native/3.4.2.1002/avr32-gnu-toolchain/bin/../lib/gcc/avr32/4.4.7/../../../../avr32/lib/ucr3fp\libm.a(lib_a-s_cos.o)
 .text.cos      0x80034bd4       0x9c c:/program files (x86)/atmel/atmel toolchain/avr32 gcc/native/3.4.2.1002/avr32-gnu-toolchain/bin/../lib/gcc/avr32/4.4.7/../../../../avr32/lib/ucr3fp\libm.a(lib_a-s_cos.o)
                0x80034bd4                cos
 .text          0x80034c70        0x0 c:/program files (x86)/atmel/atmel toolchain/avr32 gcc/native/3.4.2.1002/avr32-gnu-toolchain/bin/../lib/gcc/avr32/4.4.7/../../../../avr32/lib/ucr3fp\libm.a(lib_a-s_floor.o)
 .text.floor    0x80034c70      0x128 c:/program files (x86)/atmel/atmel toolchain/avr32 gcc/native/3.4.2.1002/avr32-gnu-toolchain/bin/../lib/gcc/avr32/4.4.7/../../../../avr32/lib/ucr3fp\libm.a(lib_a-s_floor.o)
                0x80034c70                floor
 .text          0x80034d98        0x0 c:/program files (x86)/atmel/atmel toolchain/avr32 gcc/native/3.4.2.1002/avr32-gnu-toolchain/bin/../lib/gcc/avr32/4.4.7/../../../../avr32/lib/ucr3fp\libm.a(lib_a-s_sin.o)
 .text.sin      0x80034d98       0xa0 c:/program files (x86)/atmel/atmel toolchain/avr32 gcc/native/3.4.2.1002/avr32-gnu-toolchain/bin/../lib/gcc/avr32/4.4.7/../../../../avr32/lib/ucr3fp\libm.a(lib_a-s_sin.o)
                0x80034d98                sin
 .text          0x80034e38        0x0 c:/program files (x86)/atmel/atmel toolchain/avr32 gcc/native/3.4.2.1002/avr32-gnu-toolchain/bin/../lib/gcc/avr32/4.4.7/../../../../avr32/lib/ucr3fp\libm.a(lib_a-w_asin.o)
 .text.asin     0x80034e38       0xb0 c:/program files (x86)/atmel/atmel toolchain/avr32 gcc/native/3.4.2.1002/avr32-gnu-toolchain/bin/../lib/gcc/avr32/4.4.7/../../../../avr32/lib/ucr3fp\libm.a(lib_a-w_asin.o)
                0x80034e38                asin
 .text          0x80034ee8        0x0 c:/program files (x86)/atmel/atmel toolchain/avr32 gcc/native/3.4.2.1002/avr32-gnu-toolchain/bin/../lib/gcc/avr32/4.4.7/../../../../avr32/lib/ucr3fp\libm.a(lib_a-w_atan2.o)
 .text.atan2    0x80034ee8        0xc c:/program files (x86)/atmel/atmel toolchain/avr32 gcc/native/3.4.2.1002/avr32-gnu-toolchain/bin/../lib/gcc/avr32/4.4.7/../../../../avr32/lib/ucr3fp\libm.a(lib_a-w_atan2.o)
                0x80034ee8                atan2
 .text          0x80034ef4        0x0 c:/program files (x86)/atmel/atmel toolchain/avr32 gcc/native/3.4.2.1002/avr32-gnu-toolchain/bin/../lib/gcc/avr32/4.4.7/../../../../avr32/lib/ucr3fp\libm.a(lib_a-w_fmod.o)
 .text.fmod     0x80034ef4       0xbc c:/program files (x86)/atmel/atmel toolchain/avr32 gcc/native/3.4.2.1002/avr32-gnu-toolchain/bin/../lib/gcc/avr32/4.4.7/../../../../avr32/lib/ucr3fp\libm.a(lib_a-w_fmod.o)
                0x80034ef4                fmod
 .text          0x80034fb0        0x0 c:/program files (x86)/atmel/atmel toolchain/avr32 gcc/native/3.4.2.1002/avr32-gnu-toolchain/bin/../lib/gcc/avr32/4.4.7/../../../../avr32/lib/ucr3fp\libm.a(lib_a-w_pow.o)
 .text.pow      0x80034fb0      0x300 c:/program files (x86)/atmel/atmel toolchain/avr32 gcc/native/3.4.2.1002/avr32-gnu-toolchain/bin/../lib/gcc/avr32/4.4.7/../../../../avr32/lib/ucr3fp\libm.a(lib_a-w_pow.o)
                0x80034fb0                pow
 .text          0x800352b0        0x0 c:/program files (x86)/atmel/atmel toolchain/avr32 gcc/native/3.4.2.1002/avr32-gnu-toolchain/bin/../lib/gcc/avr32/4.4.7/../../../../avr32/lib/ucr3fp\libm.a(lib_a-w_sqrt.o)
 .text.sqrt     0x800352b0       0xb4 c:/program files (x86)/atmel/atmel toolchain/avr32 gcc/native/3.4.2.1002/avr32-gnu-toolchain/bin/../lib/gcc/avr32/4.4.7/../../../../avr32/lib/ucr3fp\libm.a(lib_a-w_sqrt.o)
                0x800352b0                sqrt
 .text          0x80035364        0x0 c:/program files (x86)/atmel/atmel toolchain/avr32 gcc/native/3.4.2.1002/avr32-gnu-toolchain/bin/../lib/gcc/avr32/4.4.7/../../../../avr32/lib/ucr3fp\libm.a(lib_a-wf_sqrt.o)
 .text.sqrtf    0x80035364       0xbc c:/program files (x86)/atmel/atmel toolchain/avr32 gcc/native/3.4.2.1002/avr32-gnu-toolchain/bin/../lib/gcc/avr32/4.4.7/../../../../avr32/lib/ucr3fp\libm.a(lib_a-wf_sqrt.o)
                0x80035364                sqrtf
 .text          0x80035420        0x0 c:/program files (x86)/atmel/atmel toolchain/avr32 gcc/native/3.4.2.1002/avr32-gnu-toolchain/bin/../lib/gcc/avr32/4.4.7/../../../../avr32/lib/ucr3fp\libm.a(lib_a-e_asin.o)
 .text.__ieee754_asin
                0x80035420      0x50c c:/program files (x86)/atmel/atmel toolchain/avr32 gcc/native/3.4.2.1002/avr32-gnu-toolchain/bin/../lib/gcc/avr32/4.4.7/../../../../avr32/lib/ucr3fp\libm.a(lib_a-e_asin.o)
                0x80035420                __ieee754_asin
 .text          0x8003592c        0x0 c:/program files (x86)/atmel/atmel toolchain/avr32 gcc/native/3.4.2.1002/avr32-gnu-toolchain/bin/../lib/gcc/avr32/4.4.7/../../../../avr32/lib/ucr3fp\libm.a(lib_a-e_atan2.o)
 .text.__ieee754_atan2
                0x8003592c      0x240 c:/program files (x86)/atmel/atmel toolchain/avr32 gcc/native/3.4.2.1002/avr32-gnu-toolchain/bin/../lib/gcc/avr32/4.4.7/../../../../avr32/lib/ucr3fp\libm.a(lib_a-e_atan2.o)
                0x8003592c                __ieee754_atan2
 .text          0x80035b6c        0x0 c:/program files (x86)/atmel/atmel toolchain/avr32 gcc/native/3.4.2.1002/avr32-gnu-toolchain/bin/../lib/gcc/avr32/4.4.7/../../../../avr32/lib/ucr3fp\libm.a(lib_a-e_fmod.o)
 .text.__ieee754_fmod
                0x80035b6c      0x240 c:/program files (x86)/atmel/atmel toolchain/avr32 gcc/native/3.4.2.1002/avr32-gnu-toolchain/bin/../lib/gcc/avr32/4.4.7/../../../../avr32/lib/ucr3fp\libm.a(lib_a-e_fmod.o)
                0x80035b6c                __ieee754_fmod
 .text          0x80035dac        0x0 c:/program files (x86)/atmel/atmel toolchain/avr32 gcc/native/3.4.2.1002/avr32-gnu-toolchain/bin/../lib/gcc/avr32/4.4.7/../../../../avr32/lib/ucr3fp\libm.a(lib_a-e_pow.o)
 .text.__ieee754_pow
                0x80035dac      0xaf0 c:/program files (x86)/atmel/atmel toolchain/avr32 gcc/native/3.4.2.1002/avr32-gnu-toolchain/bin/../lib/gcc/avr32/4.4.7/../../../../avr32/lib/ucr3fp\libm.a(lib_a-e_pow.o)
                0x80035dac                __ieee754_pow
 .text          0x8003689c        0x0 c:/program files (x86)/atmel/atmel toolchain/avr32 gcc/native/3.4.2.1002/avr32-gnu-toolchain/bin/../lib/gcc/avr32/4.4.7/../../../../avr32/lib/ucr3fp\libm.a(lib_a-e_rem_pio2.o)
 .text.__ieee754_rem_pio2
                0x8003689c      0x4a0 c:/program files (x86)/atmel/atmel toolchain/avr32 gcc/native/3.4.2.1002/avr32-gnu-toolchain/bin/../lib/gcc/avr32/4.4.7/../../../../avr32/lib/ucr3fp\libm.a(lib_a-e_rem_pio2.o)
                0x8003689c                __ieee754_rem_pio2
 .text          0x80036d3c        0x0 c:/program files (x86)/atmel/atmel toolchain/avr32 gcc/native/3.4.2.1002/avr32-gnu-toolchain/bin/../lib/gcc/avr32/4.4.7/../../../../avr32/lib/ucr3fp\libm.a(lib_a-e_sqrt.o)
 .text.__ieee754_sqrt
                0x80036d3c      0x19c c:/program files (x86)/atmel/atmel toolchain/avr32 gcc/native/3.4.2.1002/avr32-gnu-toolchain/bin/../lib/gcc/avr32/4.4.7/../../../../avr32/lib/ucr3fp\libm.a(lib_a-e_sqrt.o)
                0x80036d3c                __ieee754_sqrt
 .text          0x80036ed8        0x0 c:/program files (x86)/atmel/atmel toolchain/avr32 gcc/native/3.4.2.1002/avr32-gnu-toolchain/bin/../lib/gcc/avr32/4.4.7/../../../../avr32/lib/ucr3fp\libm.a(lib_a-ef_sqrt.o)
 .text.__ieee754_sqrtf
                0x80036ed8       0xd4 c:/program files (x86)/atmel/atmel toolchain/avr32 gcc/native/3.4.2.1002/avr32-gnu-toolchain/bin/../lib/gcc/avr32/4.4.7/../../../../avr32/lib/ucr3fp\libm.a(lib_a-ef_sqrt.o)
                0x80036ed8                __ieee754_sqrtf
 .text          0x80036fac        0x0 c:/program files (x86)/atmel/atmel toolchain/avr32 gcc/native/3.4.2.1002/avr32-gnu-toolchain/bin/../lib/gcc/avr32/4.4.7/../../../../avr32/lib/ucr3fp\libm.a(lib_a-k_cos.o)
 .text.__kernel_cos
                0x80036fac      0x1f8 c:/program files (x86)/atmel/atmel toolchain/avr32 gcc/native/3.4.2.1002/avr32-gnu-toolchain/bin/../lib/gcc/avr32/4.4.7/../../../../avr32/lib/ucr3fp\libm.a(lib_a-k_cos.o)
                0x80036fac                __kernel_cos
 .text          0x800371a4        0x0 c:/program files (x86)/atmel/atmel toolchain/avr32 gcc/native/3.4.2.1002/avr32-gnu-toolchain/bin/../lib/gcc/avr32/4.4.7/../../../../avr32/lib/ucr3fp\libm.a(lib_a-k_rem_pio2.o)
 .text.__kernel_rem_pio2
                0x800371a4      0x718 c:/program files (x86)/atmel/atmel toolchain/avr32 gcc/native/3.4.2.1002/avr32-gnu-toolchain/bin/../lib/gcc/avr32/4.4.7/../../../../avr32/lib/ucr3fp\libm.a(lib_a-k_rem_pio2.o)
                0x800371a4                __kernel_rem_pio2
 .text          0x800378bc        0x0 c:/program files (x86)/atmel/atmel toolchain/avr32 gcc/native/3.4.2.1002/avr32-gnu-toolchain/bin/../lib/gcc/avr32/4.4.7/../../../../avr32/lib/ucr3fp\libm.a(lib_a-k_sin.o)
 .text.__kernel_sin
                0x800378bc      0x1a4 c:/program files (x86)/atmel/atmel toolchain/avr32 gcc/native/3.4.2.1002/avr32-gnu-toolchain/bin/../lib/gcc/avr32/4.4.7/../../../../avr32/lib/ucr3fp\libm.a(lib_a-k_sin.o)
                0x800378bc                __kernel_sin
 .text          0x80037a60        0x0 c:/program files (x86)/atmel/atmel toolchain/avr32 gcc/native/3.4.2.1002/avr32-gnu-toolchain/bin/../lib/gcc/avr32/4.4.7/../../../../avr32/lib/ucr3fp\libm.a(lib_a-s_atan.o)
 .text.atan     0x80037a60      0x368 c:/program files (x86)/atmel/atmel toolchain/avr32 gcc/native/3.4.2.1002/avr32-gnu-toolchain/bin/../lib/gcc/avr32/4.4.7/../../../../avr32/lib/ucr3fp\libm.a(lib_a-s_atan.o)
                0x80037a60                atan
 .text          0x80037dc8        0x0 c:/program files (x86)/atmel/atmel toolchain/avr32 gcc/native/3.4.2.1002/avr32-gnu-toolchain/bin/../lib/gcc/avr32/4.4.7/../../../../avr32/lib/ucr3fp\libm.a(lib_a-s_fabs.o)
 .text.fabs     0x80037dc8        0x8 c:/program files (x86)/atmel/atmel toolchain/avr32 gcc/native/3.4.2.1002/avr32-gnu-toolchain/bin/../lib/gcc/avr32/4.4.7/../../../../avr32/lib/ucr3fp\libm.a(lib_a-s_fabs.o)
                0x80037dc8                fabs
 .text          0x80037dd0        0x0 c:/program files (x86)/atmel/atmel toolchain/avr32 gcc/native/3.4.2.1002/avr32-gnu-toolchain/bin/../lib/gcc/avr32/4.4.7/../../../../avr32/lib/ucr3fp\libm.a(lib_a-s_finite.o)
 .text.finite   0x80037dd0       0x10 c:/program files (x86)/atmel/atmel toolchain/avr32 gcc/native/3.4.2.1002/avr32-gnu-toolchain/bin/../lib/gcc/avr32/4.4.7/../../../../avr32/lib/ucr3fp\libm.a(lib_a-s_finite.o)
                0x80037dd0                finite
 .text          0x80037de0        0x0 c:/program files (x86)/atmel/atmel toolchain/avr32 gcc/native/3.4.2.1002/avr32-gnu-toolchain/bin/../lib/gcc/avr32/4.4.7/../../../../avr32/lib/ucr3fp\libm.a(lib_a-s_isnand.o)
 .text.__isnand
                0x80037de0       0x1c c:/program files (x86)/atmel/atmel toolchain/avr32 gcc/native/3.4.2.1002/avr32-gnu-toolchain/bin/../lib/gcc/avr32/4.4.7/../../../../avr32/lib/ucr3fp\libm.a(lib_a-s_isnand.o)
                0x80037de0                __isnand
 .text          0x80037dfc        0x0 c:/program files (x86)/atmel/atmel toolchain/avr32 gcc/native/3.4.2.1002/avr32-gnu-toolchain/bin/../lib/gcc/avr32/4.4.7/../../../../avr32/lib/ucr3fp\libm.a(lib_a-s_lib_ver.o)
 .text          0x80037dfc        0x0 c:/program files (x86)/atmel/atmel toolchain/avr32 gcc/native/3.4.2.1002/avr32-gnu-toolchain/bin/../lib/gcc/avr32/4.4.7/../../../../avr32/lib/ucr3fp\libm.a(lib_a-s_matherr.o)
 .text.matherr  0x80037dfc        0x2 c:/program files (x86)/atmel/atmel toolchain/avr32 gcc/native/3.4.2.1002/avr32-gnu-toolchain/bin/../lib/gcc/avr32/4.4.7/../../../../avr32/lib/ucr3fp\libm.a(lib_a-s_matherr.o)
                0x80037dfc                matherr
 .text          0x80037dfe        0x0 c:/program files (x86)/atmel/atmel toolchain/avr32 gcc/native/3.4.2.1002/avr32-gnu-toolchain/bin/../lib/gcc/avr32/4.4.7/../../../../avr32/lib/ucr3fp\libm.a(lib_a-s_nan.o)
 .text.nan      0x80037dfe        0x8 c:/program files (x86)/atmel/atmel toolchain/avr32 gcc/native/3.4.2.1002/avr32-gnu-toolchain/bin/../lib/gcc/avr32/4.4.7/../../../../avr32/lib/ucr3fp\libm.a(lib_a-s_nan.o)
                0x80037dfe                nan
 .text          0x80037e06        0x0 c:/program files (x86)/atmel/atmel toolchain/avr32 gcc/native/3.4.2.1002/avr32-gnu-toolchain/bin/../lib/gcc/avr32/4.4.7/../../../../avr32/lib/ucr3fp\libm.a(lib_a-s_rint.o)
 *fill*         0x80037e06        0x2 d703d703
 .text.rint     0x80037e08      0x124 c:/program files (x86)/atmel/atmel toolchain/avr32 gcc/native/3.4.2.1002/avr32-gnu-toolchain/bin/../lib/gcc/avr32/4.4.7/../../../../avr32/lib/ucr3fp\libm.a(lib_a-s_rint.o)
                0x80037e08                rint
 .text          0x80037f2c        0x0 c:/program files (x86)/atmel/atmel toolchain/avr32 gcc/native/3.4.2.1002/avr32-gnu-toolchain/bin/../lib/gcc/avr32/4.4.7/../../../../avr32/lib/ucr3fp\libm.a(lib_a-s_scalbn.o)
 .text.scalbn   0x80037f2c       0xf0 c:/program files (x86)/atmel/atmel toolchain/avr32 gcc/native/3.4.2.1002/avr32-gnu-toolchain/bin/../lib/gcc/avr32/4.4.7/../../../../avr32/lib/ucr3fp\libm.a(lib_a-s_scalbn.o)
                0x80037f2c                scalbn
 .text          0x8003801c        0x0 c:/program files (x86)/atmel/atmel toolchain/avr32 gcc/native/3.4.2.1002/avr32-gnu-toolchain/bin/../lib/gcc/avr32/4.4.7/../../../../avr32/lib/ucr3fp\libm.a(lib_a-sf_isnan.o)
 .text.isnanf   0x8003801c        0xe c:/program files (x86)/atmel/atmel toolchain/avr32 gcc/native/3.4.2.1002/avr32-gnu-toolchain/bin/../lib/gcc/avr32/4.4.7/../../../../avr32/lib/ucr3fp\libm.a(lib_a-sf_isnan.o)
                0x8003801c                isnanf
 .text          0x8003802a        0x0 c:/program files (x86)/atmel/atmel toolchain/avr32 gcc/native/3.4.2.1002/avr32-gnu-toolchain/bin/../lib/gcc/avr32/4.4.7/../../../../avr32/lib/ucr3fp\libm.a(lib_a-s_copysign.o)
 .text.copysign
                0x8003802a       0x18 c:/program files (x86)/atmel/atmel toolchain/avr32 gcc/native/3.4.2.1002/avr32-gnu-toolchain/bin/../lib/gcc/avr32/4.4.7/../../../../avr32/lib/ucr3fp\libm.a(lib_a-s_copysign.o)
                0x8003802a                copysign
 *fill*         0x80038042        0x2 d703d703
 .text          0x80038044      0x1d4 c:/program files (x86)/atmel/atmel toolchain/avr32 gcc/native/3.4.2.1002/avr32-gnu-toolchain/bin/../lib/gcc/avr32/4.4.7/ucr3fp\libgcc.a(_avr32_f64_mul.o)
                0x80038044                __avr32_f64_mul
 .text          0x80038218      0x2b0 c:/program files (x86)/atmel/atmel toolchain/avr32 gcc/native/3.4.2.1002/avr32-gnu-toolchain/bin/../lib/gcc/avr32/4.4.7/ucr3fp\libgcc.a(_avr32_f64_addsub.o)
                0x8003821c                __avr32_f64_sub
                0x800383b8                __avr32_f64_add
 .text          0x800384c8       0x2a c:/program files (x86)/atmel/atmel toolchain/avr32 gcc/native/3.4.2.1002/avr32-gnu-toolchain/bin/../lib/gcc/avr32/4.4.7/ucr3fp\libgcc.a(_avr32_f64_to_s32.o)
                0x800384c8                __avr32_f64_to_u32
                0x800384cc                __avr32_f64_to_s32
 .text          0x800384f2       0x60 c:/program files (x86)/atmel/atmel toolchain/avr32 gcc/native/3.4.2.1002/avr32-gnu-toolchain/bin/../lib/gcc/avr32/4.4.7/ucr3fp\libgcc.a(_avr32_f64_to_s64.o)
                0x800384f2                __avr32_f64_to_u64
                0x800384fe                __avr32_f64_to_s64
 .text          0x80038552       0xe8 c:/program files (x86)/atmel/atmel toolchain/avr32 gcc/native/3.4.2.1002/avr32-gnu-toolchain/bin/../lib/gcc/avr32/4.4.7/ucr3fp\libgcc.a(_avr32_s32_to_f64.o)
                0x80038552                __avr32_u32_to_f64
                0x8003855a                __avr32_s32_to_f64
 .text          0x8003863a       0x26 c:/program files (x86)/atmel/atmel toolchain/avr32 gcc/native/3.4.2.1002/avr32-gnu-toolchain/bin/../lib/gcc/avr32/4.4.7/ucr3fp\libgcc.a(_avr32_f64_cmp_eq.o)
                0x8003863a                __avr32_f64_cmp_eq
 .text          0x80038660       0x68 c:/program files (x86)/atmel/atmel toolchain/avr32 gcc/native/3.4.2.1002/avr32-gnu-toolchain/bin/../lib/gcc/avr32/4.4.7/ucr3fp\libgcc.a(_avr32_f64_cmp_ge.o)
                0x80038660                __avr32_f64_cmp_ge
 .text          0x800386c8       0x68 c:/program files (x86)/atmel/atmel toolchain/avr32 gcc/native/3.4.2.1002/avr32-gnu-toolchain/bin/../lib/gcc/avr32/4.4.7/ucr3fp\libgcc.a(_avr32_f64_cmp_lt.o)
                0x800386c8                __avr32_f64_cmp_lt
 .text          0x80038730       0x34 c:/program files (x86)/atmel/atmel toolchain/avr32 gcc/native/3.4.2.1002/avr32-gnu-toolchain/bin/../lib/gcc/avr32/4.4.7/ucr3fp\libgcc.a(_avr32_f32_cmp_lt.o)
                0x80038730                __avr32_f32_cmp_lt
 .text          0x80038764      0x318 c:/program files (x86)/atmel/atmel toolchain/avr32 gcc/native/3.4.2.1002/avr32-gnu-toolchain/bin/../lib/gcc/avr32/4.4.7/ucr3fp\libgcc.a(_avr32_f64_div.o)
                0x80038764                __avr32_f64_div
 .text          0x80038a7c      0x160 c:/program files (x86)/atmel/atmel toolchain/avr32 gcc/native/3.4.2.1002/avr32-gnu-toolchain/bin/../lib/gcc/avr32/4.4.7/ucr3fp\libgcc.a(_avr32_f32_div.o)
                0x80038a7c                __avr32_f32_div
 .text          0x80038bdc      0x180 c:/program files (x86)/atmel/atmel toolchain/avr32 gcc/native/3.4.2.1002/avr32-gnu-toolchain/bin/../lib/gcc/avr32/4.4.7/ucr3fp\libgcc.a(_avr32_f32_addsub.o)
                0x80038be0                __avr32_f32_sub
                0x80038cb0                __avr32_f32_add
 .text          0x80038d5c       0xe2 c:/program files (x86)/atmel/atmel toolchain/avr32 gcc/native/3.4.2.1002/avr32-gnu-toolchain/bin/../lib/gcc/avr32/4.4.7/ucr3fp\libgcc.a(_avr32_f32_mul.o)
                0x80038d5c                __avr32_f32_mul
 .text          0x80038e3e       0x60 c:/program files (x86)/atmel/atmel toolchain/avr32 gcc/native/3.4.2.1002/avr32-gnu-toolchain/bin/../lib/gcc/avr32/4.4.7/ucr3fp\libgcc.a(_avr32_f32_to_f64.o)
                0x80038e3e                __avr32_f32_to_f64
 .text          0x80038e9e       0x8a c:/program files (x86)/atmel/atmel toolchain/avr32 gcc/native/3.4.2.1002/avr32-gnu-toolchain/bin/../lib/gcc/avr32/4.4.7/ucr3fp\libgcc.a(_avr32_f64_to_f32.o)
                0x80038e9e                __avr32_f64_to_f32
 .text          0x80038f28       0x3c c:/program files (x86)/atmel/atmel toolchain/avr32 gcc/native/3.4.2.1002/avr32-gnu-toolchain/bin/../lib/gcc/avr32/4.4.7/ucr3fp\libgcc.a(_floatdidf.o)
                0x80038f28                __avr32_s64_to_f64
                0x80038f28                __floatdidf
 .text          0x80038f64      0x2b4 c:/program files (x86)/atmel/atmel toolchain/avr32 gcc/native/3.4.2.1002/avr32-gnu-toolchain/bin/../lib/gcc/avr32/4.4.7/ucr3fp\libgcc.a(_divdi3.o)
                0x80038f64                __avr32_sdiv64
                0x80038f64                __divdi3
 .text          0x80039218      0x280 c:/program files (x86)/atmel/atmel toolchain/avr32 gcc/native/3.4.2.1002/avr32-gnu-toolchain/bin/../lib/gcc/avr32/4.4.7/ucr3fp\libgcc.a(_moddi3.o)
                0x80039218                __moddi3
                0x80039218                __avr32_smod64
 .text          0x80039498      0x264 c:/program files (x86)/atmel/atmel toolchain/avr32 gcc/native/3.4.2.1002/avr32-gnu-toolchain/bin/../lib/gcc/avr32/4.4.7/ucr3fp\libgcc.a(_udivdi3.o)
                0x80039498                __avr32_udiv64
                0x80039498                __udivdi3
 .text          0x800396fc      0x20c c:/program files (x86)/atmel/atmel toolchain/avr32 gcc/native/3.4.2.1002/avr32-gnu-toolchain/bin/../lib/gcc/avr32/4.4.7/ucr3fp\libgcc.a(_umoddi3.o)
                0x800396fc                __avr32_umod64
                0x800396fc                __umoddi3
 .text          0x80039908        0x0 c:/program files (x86)/atmel/atmel toolchain/avr32 gcc/native/3.4.2.1002/avr32-gnu-toolchain/bin/../lib/gcc/avr32/4.4.7/../../../../avr32/lib/ucr3fp\libc.a(lib_a-errno.o)
 .text.__errno  0x80039908        0xc c:/program files (x86)/atmel/atmel toolchain/avr32 gcc/native/3.4.2.1002/avr32-gnu-toolchain/bin/../lib/gcc/avr32/4.4.7/../../../../avr32/lib/ucr3fp\libc.a(lib_a-errno.o)
                0x80039908                __errno
 .text          0x80039914        0x0 c:/program files (x86)/atmel/atmel toolchain/avr32 gcc/native/3.4.2.1002/avr32-gnu-toolchain/bin/../lib/gcc/avr32/4.4.7/../../../../avr32/lib/ucr3fp\libc.a(lib_a-impure.o)
 .text          0x80039914        0x0 c:/program files (x86)/atmel/atmel toolchain/avr32 gcc/native/3.4.2.1002/avr32-gnu-toolchain/bin/../lib/gcc/avr32/4.4.7/../../../../avr32/lib/ucr3fp\libc.a(lib_a-malloc.o)
 .text.free     0x80039914       0x18 c:/program files (x86)/atmel/atmel toolchain/avr32 gcc/native/3.4.2.1002/avr32-gnu-toolchain/bin/../lib/gcc/avr32/4.4.7/../../../../avr32/lib/ucr3fp\libc.a(lib_a-malloc.o)
                0x80039914                free
 .text.malloc   0x8003992c       0x18 c:/program files (x86)/atmel/atmel toolchain/avr32 gcc/native/3.4.2.1002/avr32-gnu-toolchain/bin/../lib/gcc/avr32/4.4.7/../../../../avr32/lib/ucr3fp\libc.a(lib_a-malloc.o)
                0x8003992c                malloc
 .text          0x80039944        0x0 c:/program files (x86)/atmel/atmel toolchain/avr32 gcc/native/3.4.2.1002/avr32-gnu-toolchain/bin/../lib/gcc/avr32/4.4.7/../../../../avr32/lib/ucr3fp\libc.a(lib_a-mallocr.o)
 .text._malloc_r
                0x80039944      0x450 c:/program files (x86)/atmel/atmel toolchain/avr32 gcc/native/3.4.2.1002/avr32-gnu-toolchain/bin/../lib/gcc/avr32/4.4.7/../../../../avr32/lib/ucr3fp\libc.a(lib_a-mallocr.o)
                0x80039944                _malloc_r
 .text          0x80039d94      0x148 c:/program files (x86)/atmel/atmel toolchain/avr32 gcc/native/3.4.2.1002/avr32-gnu-toolchain/bin/../lib/gcc/avr32/4.4.7/../../../../avr32/lib/ucr3fp\libc.a(lib_a-memcpy.o)
                0x80039d94                memcpy
 .text          0x80039edc        0x0 c:/program files (x86)/atmel/atmel toolchain/avr32 gcc/native/3.4.2.1002/avr32-gnu-toolchain/bin/../lib/gcc/avr32/4.4.7/../../../../avr32/lib/ucr3fp\libc.a(lib_a-memset.o)
 .text.memset   0x80039edc        0xe c:/program files (x86)/atmel/atmel toolchain/avr32 gcc/native/3.4.2.1002/avr32-gnu-toolchain/bin/../lib/gcc/avr32/4.4.7/../../../../avr32/lib/ucr3fp\libc.a(lib_a-memset.o)
                0x80039edc                memset
 .text          0x80039eea        0x0 c:/program files (x86)/atmel/atmel toolchain/avr32 gcc/native/3.4.2.1002/avr32-gnu-toolchain/bin/../lib/gcc/avr32/4.4.7/../../../../avr32/lib/ucr3fp\libc.a(lib_a-mlock.o)
 .text.__malloc_lock
                0x80039eea        0x2 c:/program files (x86)/atmel/atmel toolchain/avr32 gcc/native/3.4.2.1002/avr32-gnu-toolchain/bin/../lib/gcc/avr32/4.4.7/../../../../avr32/lib/ucr3fp\libc.a(lib_a-mlock.o)
                0x80039eea                __malloc_lock
 .text.__malloc_unlock
                0x80039eec        0x2 c:/program files (x86)/atmel/atmel toolchain/avr32 gcc/native/3.4.2.1002/avr32-gnu-toolchain/bin/../lib/gcc/avr32/4.4.7/../../../../avr32/lib/ucr3fp\libc.a(lib_a-mlock.o)
                0x80039eec                __malloc_unlock
 .text          0x80039eee        0x0 c:/program files (x86)/atmel/atmel toolchain/avr32 gcc/native/3.4.2.1002/avr32-gnu-toolchain/bin/../lib/gcc/avr32/4.4.7/../../../../avr32/lib/ucr3fp\libc.a(lib_a-sbrkr.o)
 *fill*         0x80039eee        0x2 d703d703