Archive member included because of file (symbol)

c:/program files (x86)/atmel/atmel toolchain/avr32 gcc/native/3.4.1057/avr32-gnu-toolchain/bin/../lib/gcc/avr32/4.4.7/../../../../avr32/lib/ucr3fp\libm.a(lib_a-s_cos.o)
                              Library/communication/mavlink_waypoint_handler.o (cos)
c:/program files (x86)/atmel/atmel toolchain/avr32 gcc/native/3.4.1057/avr32-gnu-toolchain/bin/../lib/gcc/avr32/4.4.7/../../../../avr32/lib/ucr3fp\libm.a(lib_a-s_floor.o)
                              Library/communication/data_logging.o (floor)
c:/program files (x86)/atmel/atmel toolchain/avr32 gcc/native/3.4.1057/avr32-gnu-toolchain/bin/../lib/gcc/avr32/4.4.7/../../../../avr32/lib/ucr3fp\libm.a(lib_a-s_sin.o)
                              Library/communication/mavlink_waypoint_handler.o (sin)
c:/program files (x86)/atmel/atmel toolchain/avr32 gcc/native/3.4.1057/avr32-gnu-toolchain/bin/../lib/gcc/avr32/4.4.7/../../../../avr32/lib/ucr3fp\libm.a(lib_a-w_asin.o)
                              Library/util/coord_conventions.o (asin)
c:/program files (x86)/atmel/atmel toolchain/avr32 gcc/native/3.4.1057/avr32-gnu-toolchain/bin/../lib/gcc/avr32/4.4.7/../../../../avr32/lib/ucr3fp\libm.a(lib_a-w_atan2.o)
                              Library/communication/mavlink_waypoint_handler.o (atan2)
c:/program files (x86)/atmel/atmel toolchain/avr32 gcc/native/3.4.1057/avr32-gnu-toolchain/bin/../lib/gcc/avr32/4.4.7/../../../../avr32/lib/ucr3fp\libm.a(lib_a-w_fmod.o)
                              Library/util/quick_trig.o (fmod)
c:/program files (x86)/atmel/atmel toolchain/avr32 gcc/native/3.4.1057/avr32-gnu-toolchain/bin/../lib/gcc/avr32/4.4.7/../../../../avr32/lib/ucr3fp\libm.a(lib_a-w_pow.o)
                              Library/hal/bmp085.o (pow)
c:/program files (x86)/atmel/atmel toolchain/avr32 gcc/native/3.4.1057/avr32-gnu-toolchain/bin/../lib/gcc/avr32/4.4.7/../../../../avr32/lib/ucr3fp\libm.a(lib_a-w_sqrt.o)
                              Library/communication/hud_telemetry.o (sqrt)
c:/program files (x86)/atmel/atmel toolchain/avr32 gcc/native/3.4.1057/avr32-gnu-toolchain/bin/../lib/gcc/avr32/4.4.7/../../../../avr32/lib/ucr3fp\libm.a(lib_a-wf_sqrt.o)
                              Library/util/matrixlib_float.o (sqrtf)
c:/program files (x86)/atmel/atmel toolchain/avr32 gcc/native/3.4.1057/avr32-gnu-toolchain/bin/../lib/gcc/avr32/4.4.7/../../../../avr32/lib/ucr3fp\libm.a(lib_a-e_asin.o)
                              c:/program files (x86)/atmel/atmel toolchain/avr32 gcc/native/3.4.1057/avr32-gnu-toolchain/bin/../lib/gcc/avr32/4.4.7/../../../../avr32/lib/ucr3fp\libm.a(lib_a-w_asin.o) (__ieee754_asin)
c:/program files (x86)/atmel/atmel toolchain/avr32 gcc/native/3.4.1057/avr32-gnu-toolchain/bin/../lib/gcc/avr32/4.4.7/../../../../avr32/lib/ucr3fp\libm.a(lib_a-e_atan2.o)
                              c:/program files (x86)/atmel/atmel toolchain/avr32 gcc/native/3.4.1057/avr32-gnu-toolchain/bin/../lib/gcc/avr32/4.4.7/../../../../avr32/lib/ucr3fp\libm.a(lib_a-w_atan2.o) (__ieee754_atan2)
c:/program files (x86)/atmel/atmel toolchain/avr32 gcc/native/3.4.1057/avr32-gnu-toolchain/bin/../lib/gcc/avr32/4.4.7/../../../../avr32/lib/ucr3fp\libm.a(lib_a-e_fmod.o)
                              c:/program files (x86)/atmel/atmel toolchain/avr32 gcc/native/3.4.1057/avr32-gnu-toolchain/bin/../lib/gcc/avr32/4.4.7/../../../../avr32/lib/ucr3fp\libm.a(lib_a-w_fmod.o) (__ieee754_fmod)
c:/program files (x86)/atmel/atmel toolchain/avr32 gcc/native/3.4.1057/avr32-gnu-toolchain/bin/../lib/gcc/avr32/4.4.7/../../../../avr32/lib/ucr3fp\libm.a(lib_a-e_pow.o)
                              c:/program files (x86)/atmel/atmel toolchain/avr32 gcc/native/3.4.1057/avr32-gnu-toolchain/bin/../lib/gcc/avr32/4.4.7/../../../../avr32/lib/ucr3fp\libm.a(lib_a-w_pow.o) (__ieee754_pow)
c:/program files (x86)/atmel/atmel toolchain/avr32 gcc/native/3.4.1057/avr32-gnu-toolchain/bin/../lib/gcc/avr32/4.4.7/../../../../avr32/lib/ucr3fp\libm.a(lib_a-e_rem_pio2.o)
                              c:/program files (x86)/atmel/atmel toolchain/avr32 gcc/native/3.4.1057/avr32-gnu-toolchain/bin/../lib/gcc/avr32/4.4.7/../../../../avr32/lib/ucr3fp\libm.a(lib_a-s_cos.o) (__ieee754_rem_pio2)
c:/program files (x86)/atmel/atmel toolchain/avr32 gcc/native/3.4.1057/avr32-gnu-toolchain/bin/../lib/gcc/avr32/4.4.7/../../../../avr32/lib/ucr3fp\libm.a(lib_a-e_sqrt.o)
                              c:/program files (x86)/atmel/atmel toolchain/avr32 gcc/native/3.4.1057/avr32-gnu-toolchain/bin/../lib/gcc/avr32/4.4.7/../../../../avr32/lib/ucr3fp\libm.a(lib_a-w_sqrt.o) (__ieee754_sqrt)
c:/program files (x86)/atmel/atmel toolchain/avr32 gcc/native/3.4.1057/avr32-gnu-toolchain/bin/../lib/gcc/avr32/4.4.7/../../../../avr32/lib/ucr3fp\libm.a(lib_a-ef_sqrt.o)
                              c:/program files (x86)/atmel/atmel toolchain/avr32 gcc/native/3.4.1057/avr32-gnu-toolchain/bin/../lib/gcc/avr32/4.4.7/../../../../avr32/lib/ucr3fp\libm.a(lib_a-wf_sqrt.o) (__ieee754_sqrtf)
[...]
Memory Configuration

Name             Origin             Length             Attributes
FLASH            0x80000000         0x00080000         axrl !w
CPUSRAM          0x00000004         0x0000fffc         axw !rl
USERPAGE         0x80800000         0x00000200
FACTORYPAGE      0x80800200         0x00000200
FLASHVAULT_FLASH_SIZE 0x80800400         0x00000008         r
FLASHVAULT_RAM_SIZE 0x80800408         0x00000008         r
*default*        0x00000000         0xffffffff

Linker script and memory map

                0x00001000                _stack_size = 0x1000
LOAD Library/communication/console.o
LOAD Library/communication/data_logging.o
LOAD Library/communication/data_logging_telemetry.o
LOAD Library/communication/hud_telemetry.o
LOAD Library/communication/mavlink_communication.o
LOAD Library/communication/mavlink_message_handler.o
LOAD Library/communication/mavlink_waypoint_handler.o
LOAD Library/communication/neighbor_selection.o
LOAD Library/communication/remote.o
LOAD Library/communication/remote_telemetry.o
LOAD Library/communication/state.o
LOAD Library/communication/state_machine.o
LOAD Library/communication/state_telemetry.o
LOAD Library/control/joystick_parsing.o
LOAD Library/control/joystick_parsing_telemetry.o
LOAD Library/control/pid_control.o
LOAD Library/control/servos_mix_quadcopter_cross.o
LOAD Library/control/servos_mix_quadcopter_diag.o
LOAD Library/control/stabilisation_copter.o
LOAD Library/control/stabilisation_telemetry.o
LOAD Library/control/track_following.o
LOAD Library/hal/analog_monitor_telemetry.o
LOAD Library/hal/analog_monitor.o
LOAD Library/hal/bmp085_telemetry.o
LOAD Library/hal/fat_fs/diskio.o
LOAD Library/hal/fat_fs/ff.o
LOAD Library/hal/fat_fs/option/ccsbcs.o
LOAD Library/hal/fat_fs/option/syscall.o
LOAD Library/hal/fat_fs/option/unicode.o
LOAD Library/hal/gps_ublox.o
LOAD Library/hal/gps_ublox_telemetry.o
LOAD Library/hal/hmc5883l.o
LOAD Library/hal/i2c_driver_int.o
LOAD Library/hal/lsm330dlc.o
LOAD Library/hal/piezo_speaker.o
LOAD Library/hal/pwm_servos.o
LOAD Library/hal/sd_spi.o
LOAD Library/hal/servos.o
LOAD Library/hal/servos_telemetry.o
LOAD Library/hal/spektrum_satellite.o
LOAD Library/hal/time_keeper.o
LOAD Library/hal/usb_int.o
LOAD Library/hal/xbee.o
LOAD Library/runtime/scheduler_telemetry.o
LOAD Library/sensing/ahrs.o
LOAD Library/sensing/ahrs_telemetry.o
LOAD Library/sensing/imu_telemetry.o
LOAD Library/sensing/position_estimation.o
LOAD Library/sensing/position_estimation_telemetry.o
LOAD Library/sensing/qfilter.o
LOAD Library/sensing/simulation_telemetry.o
LOAD Library/util/linear_algebra.o
LOAD Library/util/matrixlib_float.o
LOAD Library/util/quick_trig.o
LOAD src/central_data.o
LOAD src/mavlink_telemetry.o
LOAD src/simu_gps_track.o
LOAD src/tasks.o
LOAD Library/communication/mavlink_stream.o
LOAD Library/communication/onboard_parameters.o
LOAD Library/control/navigation.o
LOAD Library/control/stabilisation.o
LOAD Library/hal/adc_int.o
LOAD Library/hal/ads1274.o
LOAD Library/hal/bmp085.o
LOAD Library/hal/dac_dma.o
LOAD Library/hal/led.o
LOAD Library/hal/spi_buffered.o
LOAD Library/hal/uart_int.o
LOAD Library/runtime/scheduler.o
LOAD Library/sensing/imu.o
LOAD Library/sensing/simulation.o
LOAD Library/util/buffer.o
LOAD Library/util/coord_conventions.o
LOAD Library/util/generator.o
LOAD Library/util/print_util.o
LOAD Library/util/sinus.o
LOAD src/asf/avr32/drivers/adcifa/adcifa.o
LOAD src/asf/avr32/drivers/ast/ast.o
LOAD src/asf/avr32/drivers/dacifb/dacifb.o
LOAD src/asf/avr32/drivers/eic/eic.o
LOAD src/asf/avr32/drivers/flashc/flashc.o
LOAD src/asf/avr32/drivers/gpio/gpio.o
LOAD src/asf/avr32/drivers/intc/exception.o
LOAD src/asf/avr32/drivers/intc/intc.o
LOAD src/asf/avr32/drivers/pdca/pdca.o
LOAD src/asf/avr32/drivers/pevc/pevc.o
LOAD src/asf/avr32/drivers/pm/pm_uc3c.o
LOAD src/asf/avr32/drivers/pm/power_clocks_lib.o
LOAD src/asf/avr32/drivers/pwm/pwm4.o
LOAD src/asf/avr32/drivers/scif/scif_uc3c.o
LOAD src/asf/avr32/drivers/spi/spi.o
LOAD src/asf/avr32/drivers/tc/tc.o
LOAD src/asf/avr32/drivers/twim/twim.o
LOAD src/asf/avr32/drivers/usart/usart.o
LOAD src/asf/avr32/drivers/usbc/usbc_device.o
LOAD src/asf/avr32/services/delay/delay.o
LOAD src/asf/avr32/utils/startup/startup_uc3.o
LOAD src/asf/avr32/utils/startup/trampoline_uc3.o
LOAD src/asf/common/boards/user_board/init.o
LOAD src/asf/common/services/clock/uc3c/osc.o
LOAD src/asf/common/services/clock/uc3c/pll.o
LOAD src/asf/common/services/clock/uc3c/sysclk.o
LOAD src/asf/common/services/sleepmgr/uc3/sleepmgr.o
LOAD src/asf/common/services/spi/uc3_spi/spi_master.o
LOAD src/asf/common/services/usb/class/cdc/device/udi_cdc.o
LOAD src/asf/common/services/usb/class/cdc/device/udi_cdc_desc.o
LOAD src/asf/common/services/usb/udc/udc.o
LOAD src/asf/common/utils/stdio/read.o
LOAD src/asf/common/utils/stdio/stdio_usb/stdio_usb.o
LOAD src/asf/common/utils/stdio/write.o
LOAD src/boardsupport.o
LOAD src/main.o
START GROUP
END GROUP
LOAD c:/program files (x86)/atmel/atmel toolchain/avr32 gcc/native/3.4.1057/avr32-gnu-toolchain/bin/../lib/gcc/avr32/4.4.7/ucr3fp\libstdc++.a
LOAD c:/program files (x86)/atmel/atmel toolchain/avr32 gcc/native/3.4.1057/avr32-gnu-toolchain/bin/../lib/gcc/avr32/4.4.7/../../../../avr32/lib/ucr3fp\libm.a
LOAD c:/program files (x86)/atmel/atmel toolchain/avr32 gcc/native/3.4.1057/avr32-gnu-toolchain/bin/../lib/gcc/avr32/4.4.7/ucr3fp\libgcc.a
LOAD c:/program files (x86)/atmel/atmel toolchain/avr32 gcc/native/3.4.1057/avr32-gnu-toolchain/bin/../lib/gcc/avr32/4.4.7/../../../../avr32/lib/ucr3fp\libc.a
LOAD c:/program files (x86)/atmel/atmel toolchain/avr32 gcc/native/3.4.1057/avr32-gnu-toolchain/bin/../lib/gcc/avr32/4.4.7/ucr3fp\libgcc.a
                0x80000000                PROVIDE (__executable_start, 0x80000000)
                0x80000000                . = 0x80000000

.interp
 *(.interp)

.reset          0x80000000     0x2010
 *(.reset)
 .reset         0x80000000        0x8 src/asf/avr32/utils/startup/startup_uc3.o
                0x80000000                _start
 .reset         0x80000008     0x2008 src/asf/avr32/utils/startup/trampoline_uc3.o
                0x80000008                _trampoline

.hash
 *(.hash)

.dynsym
 *(.dynsym)

.dynstr
 *(.dynstr)

.gnu.version
 *(.gnu.version)

.gnu.version_d
 *(.gnu.version_d)

.gnu.version_r
 *(.gnu.version_r)

.rel.init
 *(.rel.init)

.rela.init
 *(.rela.init)

.rel.text
 *(.rel.text .rel.text.* .rel.gnu.linkonce.t.*)

.rela.text
 *(.rela.text .rela.text.* .rela.gnu.linkonce.t.*)

.rel.fini
 *(.rel.fini)

.rela.fini
 *(.rela.fini)

.rel.rodata
 *(.rel.rodata .rel.rodata.* .rel.gnu.linkonce.r.*)

.rela.rodata
 *(.rela.rodata .rela.rodata.* .rela.gnu.linkonce.r.*)

.rel.data.rel.ro
 *(.rel.data.rel.ro*)

.rela.data.rel.ro
 *(.rel.data.rel.ro*)

.rel.data
 *(.rel.data .rel.data.* .rel.gnu.linkonce.d.*)

.rela.data
 *(.rela.data .rela.data.* .rela.gnu.linkonce.d.*)

.rel.tdata
 *(.rel.tdata .rel.tdata.* .rel.gnu.linkonce.td.*)

.rela.tdata
 *(.rela.tdata .rela.tdata.* .rela.gnu.linkonce.td.*)

.rel.tbss
 *(.rel.tbss .rel.tbss.* .rel.gnu.linkonce.tb.*)

.rela.tbss
 *(.rela.tbss .rela.tbss.* .rela.gnu.linkonce.tb.*)

.rel.ctors
 *(.rel.ctors)

.rela.ctors
 *(.rela.ctors)

.rel.dtors
 *(.rel.dtors)

.rela.dtors
 *(.rela.dtors)

.rel.got
 *(.rel.got)

.rela.got       0x80002010        0x0
 *(.rela.got)
 .rela.got      0x80002010        0x0 Library/communication/console.o

.rel.bss
 *(.rel.bss .rel.bss.* .rel.gnu.linkonce.b.*)

.rela.bss
 *(.rela.bss .rela.bss.* .rela.gnu.linkonce.b.*)

.rel.plt
 *(.rel.plt)

.rela.plt
 *(.rela.plt)

.init
 *(.init)

.plt
 *(.plt)

.text           0x80002010    0x30340
 *(.text .stub .text.* .gnu.linkonce.t.*)
 .text          0x80002010        0x0 Library/communication/console.o
 .text.console_get_in_stream
                0x80002010       0x18 Library/communication/console.o
                0x80002010                console_get_in_stream
 .text.console_get_out_stream
                0x80002028       0x18 Library/communication/console.o
                0x80002028                console_get_out_stream
 .text.console_init
                0x80002040       0xd8 Library/communication/console.o
                0x80002040                console_init
 .text          0x80002118        0x0 Library/communication/data_logging.o
 .text.data_logging_print_error_signification
                0x80002118      0x118 Library/communication/data_logging.o
 .text.data_logging_add_parameter_double
                0x80002230       0x60 Library/communication/data_logging.o
                0x80002230                data_logging_add_parameter_double
 .text.data_logging_add_parameter_float
                0x80002290       0x60 Library/communication/data_logging.o
                0x80002290                data_logging_add_parameter_float
 .text.data_logging_add_parameter_int64
                0x800022f0       0x60 Library/communication/data_logging.o
                0x800022f0                data_logging_add_parameter_int64
 .text.data_logging_add_parameter_uint64
                0x80002350       0x60 Library/communication/data_logging.o
                0x80002350                data_logging_add_parameter_uint64
 .text.data_logging_add_parameter_int32
                0x800023b0       0x60 Library/communication/data_logging.o
                0x800023b0                data_logging_add_parameter_int32
 .text.data_logging_add_parameter_uint32
                0x80002410       0x60 Library/communication/data_logging.o
                0x80002410                data_logging_add_parameter_uint32
 .text.data_logging_add_parameter_int16
                0x80002470       0x60 Library/communication/data_logging.o
                0x80002470                data_logging_add_parameter_int16
 .text.data_logging_add_parameter_uint16
                0x800024d0       0x60 Library/communication/data_logging.o
                0x800024d0                data_logging_add_parameter_uint16
 .text.data_logging_add_parameter_int8
                0x80002530       0x60 Library/communication/data_logging.o
                0x80002530                data_logging_add_parameter_int8
 .text.data_logging_add_parameter_uint8
                0x80002590       0x60 Library/communication/data_logging.o
                0x80002590                data_logging_add_parameter_uint8
 .text.data_logging_put_uint64_t
                0x800025f0       0x88 Library/communication/data_logging.o
 .text.data_logging_put_r_or_n
                0x80002678       0x68 Library/communication/data_logging.o
 .text.data_logging_init
                0x800026e0       0xfc Library/communication/data_logging.o
                0x800026e0                data_logging_init
 .text.data_logging_create_new_log_file
                0x800027dc      0x1b8 Library/communication/data_logging.o
                0x800027dc                data_logging_create_new_log_file
 .text.data_logging_update
                0x80002994      0x57c Library/communication/data_logging.o
                0x80002994                data_logging_update
 .text          0x80002f10        0x0 Library/communication/data_logging_telemetry.o
 .text.data_logging_telemetry_init
                0x80002f10       0x38 Library/communication/data_logging_telemetry.o
                0x80002f10                data_logging_telemetry_init
 .text.data_logging_telemetry_toggle_logging
                0x80002f48       0x3c Library/communication/data_logging_telemetry.o
 .text          0x80002f84        0x0 Library/communication/hud_telemetry.o
 .text.hud_telemetry_send_message
                0x80002f84      0x24c Library/communication/hud_telemetry.o
                0x80002f84                hud_telemetry_send_message
 .text.hud_telemetry_init
                0x800031d0       0x20 Library/communication/hud_telemetry.o
                0x800031d0                hud_telemetry_init
 .text          0x800031f0        0x0 Library/communication/mavlink_communication.o
 .text.mavlink_communication_send_message
                0x800031f0       0x2c Library/communication/mavlink_communication.o
                0x800031f0                mavlink_communication_send_message
 .text.mavlink_communication_add_msg_send
                0x8000321c       0x6c Library/communication/mavlink_communication.o
                0x8000321c                mavlink_communication_add_msg_send
 .text.mavlink_communication_suspend_downstream
                0x80003288       0x3c Library/communication/mavlink_communication.o
                0x80003288                mavlink_communication_suspend_downstream
 .text.mavlink_communication_update
                0x800032c4       0x4c Library/communication/mavlink_communication.o
                0x800032c4                mavlink_communication_update
 .text.mavlink_communication_init
                0x80003310       0xb4 Library/communication/mavlink_communication.o
                0x80003310                mavlink_communication_init
 .text.mavlink_communication_toggle_telemetry_stream
                0x800033c4       0xf4 Library/communication/mavlink_communication.o
 .text          0x800034b8        0x0 Library/communication/mavlink_message_handler.o
 .text.mavlink_message_handler_add_cmd_callback
                0x800034b8       0x58 Library/communication/mavlink_message_handler.o
                0x800034b8                mavlink_message_handler_add_cmd_callback
 .text.mavlink_message_handler_add_msg_callback
                0x80003510       0x5c Library/communication/mavlink_message_handler.o
                0x80003510                mavlink_message_handler_add_msg_callback
 .text.mavlink_message_handler_cmd_default_dbg
                0x8000356c       0xc4 Library/communication/mavlink_message_handler.o
                0x8000356c                mavlink_message_handler_cmd_default_dbg
 .text.mavlink_message_handler_msg_default_dbg
                0x80003630       0x60 Library/communication/mavlink_message_handler.o
                0x80003630                mavlink_message_handler_msg_default_dbg
 .text.mavlink_message_handler_receive
                0x80003690      0x3e4 Library/communication/mavlink_message_handler.o
                0x80003690                mavlink_message_handler_receive
 .text.mavlink_message_handler_init
                0x80003a74       0x84 Library/communication/mavlink_message_handler.o
                0x80003a74                mavlink_message_handler_init
 .text          0x80003af8        0x0 Library/communication/mavlink_waypoint_handler.o
 .text.mavlink_finalize_message
                0x80003af8       0xe8 Library/communication/mavlink_waypoint_handler.o
 .text.waypoint_handler_init_homing_waypoint
                0x80003be0       0x40 Library/communication/mavlink_waypoint_handler.o
                0x80003be0                waypoint_handler_init_homing_waypoint
 .text.waypoint_handler_control_time_out_waypoint_msg
                0x80003c20       0x7c Library/communication/mavlink_waypoint_handler.o
                0x80003c20                waypoint_handler_control_time_out_waypoint_msg
 .text.waypoint_handler_receive_ack_msg
                0x80003c9c       0x38 Library/communication/mavlink_waypoint_handler.o
 .text.waypoint_handler_init_waypoint_list
                0x80003cd4      0x158 Library/communication/mavlink_waypoint_handler.o
                0x80003cd4                waypoint_handler_init_waypoint_list
 .text.waypoint_handler_set_waypoint_from_frame
                0x80003e2c      0x43c Library/communication/mavlink_waypoint_handler.o
                0x80003e2c                waypoint_handler_set_waypoint_from_frame
 .text.waypoint_handler_nav_plan_init
                0x80004268      0x1c0 Library/communication/mavlink_waypoint_handler.o
                0x80004268                waypoint_handler_nav_plan_init
 .text.waypoint_handler_init
                0x80004428      0x1b0 Library/communication/mavlink_waypoint_handler.o
                0x80004428                waypoint_handler_init
 .text.waypoint_handler_set_scenario
                0x800045d8      0xa4c Library/communication/mavlink_waypoint_handler.o
 .text.waypoint_handler_send_waypoint
                0x80005024      0x274 Library/communication/mavlink_waypoint_handler.o
 .text.waypoint_handler_send_count
                0x80005298       0xc8 Library/communication/mavlink_waypoint_handler.o
 .text.mavlink_msg_mission_ack_pack
                0x80005360      0x104 Library/communication/mavlink_waypoint_handler.o
 .text.waypoint_handler_clear_waypoint_list
                0x80005464       0x88 Library/communication/mavlink_waypoint_handler.o
 .text.waypoint_handler_set_current_waypoint
                0x800054ec      0x1b4 Library/communication/mavlink_waypoint_handler.o
 .text.waypoint_handler_receive_waypoint
                0x800056a0      0x478 Library/communication/mavlink_waypoint_handler.o
 .text.waypoint_handler_continue_to_next_waypoint
                0x80005b18      0x280 Library/communication/mavlink_waypoint_handler.o
 .text.waypoint_handler_receive_count
                0x80005d98      0x1d8 Library/communication/mavlink_waypoint_handler.o
 .text.waypoint_handler_set_current_waypoint_from_parameter
                0x80005f70      0x160 Library/communication/mavlink_waypoint_handler.o
 .text.waypoint_handler_set_home
                0x800060d0      0x2a0 Library/communication/mavlink_waypoint_handler.o
 .text          0x80006370        0x0 Library/communication/neighbor_selection.o
 .text.neighbors_selection_read_message_from_neighbors
                0x80006370      0x220 Library/communication/neighbor_selection.o
                0x80006370                neighbors_selection_read_message_from_neighbors
 .text.neighbors_selection_init
                0x80006590       0x44 Library/communication/neighbor_selection.o
                0x80006590                neighbors_selection_init
 .text          0x800065d4        0x0 Library/communication/remote.o
 .text.remote_calibrate
                0x800065d4       0x18 Library/communication/remote.o
                0x800065d4                remote_calibrate
 .text.remote_get_throttle
                0x800065ec        0x4 Library/communication/remote.o
                0x800065ec                remote_get_throttle
 .text.remote_get_roll
                0x800065f0        0x4 Library/communication/remote.o
                0x800065f0                remote_get_roll
 .text.remote_get_pitch
                0x800065f4        0x4 Library/communication/remote.o
                0x800065f4                remote_get_pitch
 .text.remote_get_yaw
                0x800065f8        0x4 Library/communication/remote.o
                0x800065f8                remote_get_yaw
 .text.remote_mode_init
                0x800065fc       0x46 Library/communication/remote.o
                0x800065fc                remote_mode_init
 .text.remote_mode_get
                0x80006642        0x6 Library/communication/remote.o
                0x80006642                remote_mode_get
 .text.remote_update
                0x80006648       0xe8 Library/communication/remote.o
                0x80006648                remote_update
 .text.remote_get_velocity_vector_from_remote
                0x80006730       0xa4 Library/communication/remote.o
                0x80006730                remote_get_velocity_vector_from_remote
 .text.remote_get_command_from_remote
                0x800067d4       0x8c Library/communication/remote.o
                0x800067d4                remote_get_command_from_remote
 .text.remote_mode_update
                0x80006860      0x218 Library/communication/remote.o
                0x80006860                remote_mode_update
 .text.remote_check
                0x80006a78       0x18 Library/communication/remote.o
                0x80006a78                remote_check
 .text.remote_init
                0x80006a90       0xa8 Library/communication/remote.o
                0x80006a90                remote_init
 .text          0x80006b38        0x0 Library/communication/remote_telemetry.o
 .text.remote_telemetry_send_scaled
                0x80006b38      0x234 Library/communication/remote_telemetry.o
                0x80006b38                remote_telemetry_send_scaled
 .text.remote_telemetry_init
                0x80006d6c       0x38 Library/communication/remote_telemetry.o
                0x80006d6c                remote_telemetry_init
 .text.remote_telemetry_satellite_bind
                0x80006da4       0x3c Library/communication/remote_telemetry.o
 .text.remote_telemetry_send_raw
                0x80006de0      0x21c Library/communication/remote_telemetry.o
                0x80006de0                remote_telemetry_send_raw
 .text          0x80006ffc        0x0 Library/communication/state.o
 .text.state_switch_to_active_mode
                0x80006ffc       0x28 Library/communication/state.o
                0x80006ffc                state_switch_to_active_mode
 .text.state_init
                0x80007024       0x6c Library/communication/state.o
                0x80007024                state_init
 .text          0x80007090        0x0 Library/communication/state_machine.o
 .text.state_machine_init
                0x80007090       0x2c Library/communication/state_machine.o
                0x80007090                state_machine_init
 .text.state_machine_update
                0x800070bc      0x17c Library/communication/state_machine.o
                0x800070bc                state_machine_update
 .text          0x80007238        0x0 Library/communication/state_telemetry.o
 .text.state_telemetry_send_status
                0x80007238      0x1f0 Library/communication/state_telemetry.o
                0x80007238                state_telemetry_send_status
 .text.state_telemetry_init
                0x80007428       0x78 Library/communication/state_telemetry.o
                0x80007428                state_telemetry_init
 .text.state_telemetry_toggle_remote_use
                0x800074a0       0x4c Library/communication/state_telemetry.o
 .text.state_telemetry_set_mode_from_cmd
                0x800074ec       0x74 Library/communication/state_telemetry.o
 .text.state_telemetry_set_mav_mode
                0x80007560       0xcc Library/communication/state_telemetry.o
 .text.state_telemetry_send_heartbeat
                0x8000762c      0x130 Library/communication/state_telemetry.o
                0x8000762c                state_telemetry_send_heartbeat
 .text          0x8000775c        0x0 Library/control/joystick_parsing.o
 .text.joystick_parsing_button
                0x8000775c       0x1a Library/control/joystick_parsing.o
                0x8000775c                joystick_parsing_button
 .text.joystick_parsing_button_custom_on
                0x80007776       0x16 Library/control/joystick_parsing.o
                0x80007776                joystick_parsing_button_custom_on
 .text.joystick_parsing_button_custom_off
                0x8000778c        0xe Library/control/joystick_parsing.o
                0x8000778c                joystick_parsing_button_custom_off
 *fill*         0x8000779a        0x2 d703d703
 .text.joystick_parsing_get_velocity_vector_from_joystick
                0x8000779c       0x98 Library/control/joystick_parsing.o
                0x8000779c                joystick_parsing_get_velocity_vector_from_joystick
 .text.joystick_parsing_get_attitude_command_from_joystick
                0x80007834       0x80 Library/control/joystick_parsing.o
                0x80007834                joystick_parsing_get_attitude_command_from_joystick
 .text.joystick_parsing_init
                0x800078b4       0x50 Library/control/joystick_parsing.o
                0x800078b4                joystick_parsing_init
 .text.joystick_parsing_button_1
                0x80007904       0x80 Library/control/joystick_parsing.o
                0x80007904                joystick_parsing_button_1
 .text.joystick_parsing_button_mask
                0x80007984       0x64 Library/control/joystick_parsing.o
                0x80007984                joystick_parsing_button_mask
 .text          0x800079e8        0x0 Library/control/joystick_parsing_telemetry.o
 .text.joystick_parsing_telemetry_send_manual_ctrl_msg
                0x800079e8      0x190 Library/control/joystick_parsing_telemetry.o
                0x800079e8                joystick_parsing_telemetry_send_manual_ctrl_msg
 .text.joystick_parsing_telemetry_init
                0x80007b78       0x34 Library/control/joystick_parsing_telemetry.o
                0x80007b78                joystick_parsing_telemetry_init
 .text.joystick_parsing_telemetry_parse_msg
                0x80007bac       0xb4 Library/control/joystick_parsing_telemetry.o
                0x80007bac                joystick_parsing_telemetry_parse_msg
 .text          0x80007c60        0x0 Library/control/pid_control.o
 .text.pid_control_integrate
                0x80007c60       0x38 Library/control/pid_control.o
 .text.pid_control_differentiate
                0x80007c98       0x5c Library/control/pid_control.o
 .text.pid_control_reset_integrator
                0x80007cf4        0x6 Library/control/pid_control.o
                0x80007cf4                pid_control_reset_integrator
 *fill*         0x80007cfa        0x2 d703d703
 .text.pid_control_update_dt
                0x80007cfc       0x6c Library/control/pid_control.o
                0x80007cfc                pid_control_update_dt
 .text.pid_control_pass_through_controller
                0x80007d68       0x54 Library/control/pid_control.o
                0x80007d68                pid_control_pass_through_controller
 .text.pid_control_update
                0x80007dbc       0xa0 Library/control/pid_control.o
                0x80007dbc                pid_control_update
 .text          0x80007e5c        0x0 Library/control/servos_mix_quadcopter_cross.o
 .text.servo_mix_quadcotper_cross_init
                0x80007e5c       0x30 Library/control/servos_mix_quadcopter_cross.o
                0x80007e5c                servo_mix_quadcotper_cross_init
 .text.servos_mix_quadcopter_cross_update
                0x80007e8c       0xb8 Library/control/servos_mix_quadcopter_cross.o
                0x80007e8c                servos_mix_quadcopter_cross_update
 .text          0x80007f44        0x0 Library/control/servos_mix_quadcopter_diag.o
 .text.servo_mix_quadcotper_diag_init
                0x80007f44       0x30 Library/control/servos_mix_quadcopter_diag.o
                0x80007f44                servo_mix_quadcotper_diag_init
 .text.servos_mix_quadcopter_diag_update
                0x80007f74       0xc0 Library/control/servos_mix_quadcopter_diag.o
                0x80007f74                servos_mix_quadcopter_diag_update
 .text          0x80008034        0x0 Library/control/stabilisation_copter.o
 .text.stabilisation_copter_mix_to_servos_cross_quad
                0x80008034       0x90 Library/control/stabilisation_copter.o
                0x80008034                stabilisation_copter_mix_to_servos_cross_quad
 .text.stabilisation_copter_mix_to_servos_diag_quad
                0x800080c4       0xa4 Library/control/stabilisation_copter.o
                0x800080c4                stabilisation_copter_mix_to_servos_diag_quad
 .text.stabilisation_copter_init
                0x80008168       0x70 Library/control/stabilisation_copter.o
                0x80008168                stabilisation_copter_init
 .text.stabilisation_copter_position_hold
                0x800081d8      0x174 Library/control/stabilisation_copter.o
                0x800081d8                stabilisation_copter_position_hold
 .text.stabilisation_copter_cascade_stabilise
                0x8000834c      0x468 Library/control/stabilisation_copter.o
                0x8000834c                stabilisation_copter_cascade_stabilise
 .text          0x800087b4        0x0 Library/control/stabilisation_telemetry.o
 .text.stabilisation_telemetry_send_rpy_rates_error
                0x800087b4      0x1ac Library/control/stabilisation_telemetry.o
                0x800087b4                stabilisation_telemetry_send_rpy_rates_error
 .text.stabilisation_telemetry_send_rpy_speed_thrust_setpoint
                0x80008960      0x1b0 Library/control/stabilisation_telemetry.o
                0x80008960                stabilisation_telemetry_send_rpy_speed_thrust_setpoint
 .text.stabilisation_send_command
                0x80008b10      0x1d4 Library/control/stabilisation_telemetry.o
                0x80008b10                stabilisation_send_command
 .text.stabilisation_telemetry_send_rpy_thrust_setpoint
                0x80008ce4      0x1ac Library/control/stabilisation_telemetry.o
                0x80008ce4                stabilisation_telemetry_send_rpy_thrust_setpoint
 .text          0x80008e90        0x0 Library/control/track_following.o
 .text.track_following_get_waypoint
                0x80008e90        0x2 Library/control/track_following.o
                0x80008e90                track_following_get_waypoint
 *fill*         0x80008e92        0x2 d703d703
 .text.start_init
                0x80008e94       0x54 Library/control/track_following.o
                0x80008e94                start_init
 .text.check_new_message
                0x80008ee8       0x64 Library/control/track_following.o
                0x80008ee8                check_new_message
 .text.send_update_waypoint
                0x80008f4c       0x1a Library/control/track_following.o
                0x80008f4c                send_update_waypoint
 *fill*         0x80008f66        0x2 d703d703
 .text.PID_waypoin_control
                0x80008f68       0xa8 Library/control/track_following.o
                0x80008f68                PID_waypoin_control
 .text.set_artificial_waypoint
                0x80009010       0x5c Library/control/track_following.o
                0x80009010                set_artificial_waypoint
 .text.recalcul_speed
                0x8000906c       0xe4 Library/control/track_following.o
                0x8000906c                recalcul_speed
 .text.track_following_improve_waypoint_following
                0x80009150      0x154 Library/control/track_following.o
                0x80009150                track_following_improve_waypoint_following
 .text.track_following_send_dist
                0x800092a4      0x178 Library/control/track_following.o
                0x800092a4                track_following_send_dist
 .text.track_following_init
                0x8000941c       0x24 Library/control/track_following.o
                0x8000941c                track_following_init
 .text          0x80009440        0x0 Library/hal/analog_monitor_telemetry.o
 .text.analog_monitor_telemetry_send_sonar
                0x80009440      0x188 Library/hal/analog_monitor_telemetry.o
                0x80009440                analog_monitor_telemetry_send_sonar
 .text          0x800095c8        0x0 Library/hal/analog_monitor.o
 .text.analog_compute_avg
                0x800095c8       0x3c Library/hal/analog_monitor.o
                0x800095c8                analog_compute_avg
 .text.analog_monitor_init
                0x80009604      0x154 Library/hal/analog_monitor.o
                0x80009604                analog_monitor_init
 .text.trigger_analog_monitor
                0x80009758       0x20 Library/hal/analog_monitor.o
                0x80009758                trigger_analog_monitor
 .text.analog_monitor_update
                0x80009778       0x44 Library/hal/analog_monitor.o
                0x80009778                analog_monitor_update
 .text          0x800097bc        0x0 Library/hal/bmp085_telemetry.o
 .text.bmp085_telemetry_send_pressure
                0x800097bc      0x194 Library/hal/bmp085_telemetry.o
                0x800097bc                bmp085_telemetry_send_pressure
 .text          0x80009950        0x0 Library/hal/fat_fs/diskio.o
 .text.get_fattime
                0x80009950       0xa4 Library/hal/fat_fs/diskio.o
                0x80009950                get_fattime
 .text.disk_ioctl
                0x800099f4       0x5c Library/hal/fat_fs/diskio.o
                0x800099f4                disk_ioctl
 .text.disk_write
                0x80009a50       0x4c Library/hal/fat_fs/diskio.o
                0x80009a50                disk_write
 .text.disk_read
                0x80009a9c       0x40 Library/hal/fat_fs/diskio.o
                0x80009a9c                disk_read
 .text.disk_status
                0x80009adc       0x38 Library/hal/fat_fs/diskio.o
                0x80009adc                disk_status
 .text.disk_initialize
                0x80009b14       0x30 Library/hal/fat_fs/diskio.o
                0x80009b14                disk_initialize
 .text          0x80009b44        0x0 Library/hal/fat_fs/ff.o
 .text.mem_cpy  0x80009b44       0x28 Library/hal/fat_fs/ff.o
 .text.mem_set  0x80009b6c        0xc Library/hal/fat_fs/ff.o
 .text.chk_chr  0x80009b78       0x1a Library/hal/fat_fs/ff.o
 .text.clust2sect
                0x80009b92       0x18 Library/hal/fat_fs/ff.o
                0x80009b92                clust2sect
 .text.ld_clust
                0x80009baa       0x28 Library/hal/fat_fs/ff.o
 .text.st_clust
                0x80009bd2       0x1a Library/hal/fat_fs/ff.o
 .text.sum_sfn  0x80009bec       0x1c Library/hal/fat_fs/ff.o
 .text.get_ldnumber
                0x80009c08       0x8c Library/hal/fat_fs/ff.o
 .text.validate
                0x80009c94       0x48 Library/hal/fat_fs/ff.o
 .text.f_closedir
                0x80009cdc       0x20 Library/hal/fat_fs/ff.o
                0x80009cdc                f_closedir
 .text.get_fileinfo
                0x80009cfc      0x108 Library/hal/fat_fs/ff.o
 .text.sync_window
                0x80009e04       0x68 Library/hal/fat_fs/ff.o
 .text.move_window
                0x80009e6c       0x3c Library/hal/fat_fs/ff.o
 .text.check_fs
                0x80009ea8       0xa0 Library/hal/fat_fs/ff.o
 .text.find_volume
                0x80009f48      0x390 Library/hal/fat_fs/ff.o
 .text.f_mount  0x8000a2d8       0x84 Library/hal/fat_fs/ff.o
                0x8000a2d8                f_mount
 .text.put_fat  0x8000a35c      0x138 Library/hal/fat_fs/ff.o
                0x8000a35c                put_fat
 .text.get_fat  0x8000a494       0xf8 Library/hal/fat_fs/ff.o
                0x8000a494                get_fat
 .text.dir_sdi  0x8000a58c       0xb4 Library/hal/fat_fs/ff.o
 .text.create_chain
                0x8000a640       0xd0 Library/hal/fat_fs/ff.o
 .text.dir_next
                0x8000a710      0x104 Library/hal/fat_fs/ff.o
 .text.remove_chain
                0x8000a814       0x68 Library/hal/fat_fs/ff.o
 .text.f_truncate
                0x8000a87c       0xc0 Library/hal/fat_fs/ff.o
                0x8000a87c                f_truncate
 .text.dir_find
                0x8000a93c      0x1c8 Library/hal/fat_fs/ff.o
 .text.follow_path
                0x8000ab04      0x3fc Library/hal/fat_fs/ff.o
 .text.f_stat   0x8000af00       0x6c Library/hal/fat_fs/ff.o
                0x8000af00                f_stat
 .text.f_opendir
                0x8000af6c       0x9c Library/hal/fat_fs/ff.o
                0x8000af6c                f_opendir
 .text.dir_register
                0x8000b008      0x318 Library/hal/fat_fs/ff.o
 .text.dir_remove
                0x8000b320       0x6c Library/hal/fat_fs/ff.o
 .text.dir_read
                0x8000b38c      0x170 Library/hal/fat_fs/ff.o
 .text.f_readdir
                0x8000b4fc       0x84 Library/hal/fat_fs/ff.o
                0x8000b4fc                f_readdir
 .text.f_getfree
                0x8000b580       0xec Library/hal/fat_fs/ff.o
                0x8000b580                f_getfree
 .text.f_lseek  0x8000b66c      0x190 Library/hal/fat_fs/ff.o
                0x8000b66c                f_lseek
 .text.f_write  0x8000b7fc      0x1c0 Library/hal/fat_fs/ff.o
                0x8000b7fc                f_write
 .text.putc_bfd
                0x8000b9bc       0x50 Library/hal/fat_fs/ff.o
 .text.f_printf
                0x8000ba0c      0x32c Library/hal/fat_fs/ff.o
                0x8000ba0c                f_printf
 .text.f_puts   0x8000bd38       0x58 Library/hal/fat_fs/ff.o
                0x8000bd38                f_puts
 .text.f_putc   0x8000bd90       0x48 Library/hal/fat_fs/ff.o
                0x8000bd90                f_putc
 .text.f_read   0x8000bdd8      0x184 Library/hal/fat_fs/ff.o
                0x8000bdd8                f_read
 .text.f_gets   0x8000bf5c       0x58 Library/hal/fat_fs/ff.o
                0x8000bf5c                f_gets
 .text.sync_fs  0x8000bfb4       0xcc Library/hal/fat_fs/ff.o
 .text.f_rename
                0x8000c080      0x148 Library/hal/fat_fs/ff.o
                0x8000c080                f_rename
 .text.f_utime  0x8000c1c8       0x84 Library/hal/fat_fs/ff.o
                0x8000c1c8                f_utime
 .text.f_chmod  0x8000c24c       0x8c Library/hal/fat_fs/ff.o
                0x8000c24c                f_chmod
 .text.f_unlink
                0x8000c2d8       0xe0 Library/hal/fat_fs/ff.o
                0x8000c2d8                f_unlink
 .text.f_mkdir  0x8000c3b8      0x1a4 Library/hal/fat_fs/ff.o
                0x8000c3b8                f_mkdir
 .text.f_sync   0x8000c55c       0xb8 Library/hal/fat_fs/ff.o
                0x8000c55c                f_sync
 .text.f_close  0x8000c614       0x28 Library/hal/fat_fs/ff.o
                0x8000c614                f_close
 .text.f_open   0x8000c63c      0x1ac Library/hal/fat_fs/ff.o
                0x8000c63c                f_open
 .text          0x8000c7e8        0x0 Library/hal/fat_fs/option/ccsbcs.o
 .text.ff_convert
                0x8000c7e8       0x78 Library/hal/fat_fs/option/ccsbcs.o
                0x8000c7e8                ff_convert
 .text.ff_wtoupper
                0x8000c860       0x44 Library/hal/fat_fs/option/ccsbcs.o
                0x8000c860                ff_wtoupper
 .text          0x8000c8a4        0x0 Library/hal/fat_fs/option/syscall.o
 .text.ff_memfree
                0x8000c8a4       0x14 Library/hal/fat_fs/option/syscall.o
                0x8000c8a4                ff_memfree
 .text.ff_memalloc
                0x8000c8b8       0x14 Library/hal/fat_fs/option/syscall.o
                0x8000c8b8                ff_memalloc
 .text          0x8000c8cc        0x0 Library/hal/fat_fs/option/unicode.o
 .text          0x8000c8cc        0x0 Library/hal/gps_ublox.o
 .text.update_checksum
                0x8000c8cc       0x34 Library/hal/gps_ublox.o
 .text.endian_lower_bytes_uint16
                0x8000c900        0x4 Library/hal/gps_ublox.o
 .text.endian_higher_bytes_uint16
                0x8000c904        0x6 Library/hal/gps_ublox.o
 .text.endian_lower_bytes_uint32
                0x8000c90a        0x4 Library/hal/gps_ublox.o
 .text.endian_mid_lower_bytes_uint32
                0x8000c90e        0x6 Library/hal/gps_ublox.o
 .text.endian_mid_higher_bytes_uint32
                0x8000c914        0x6 Library/hal/gps_ublox.o
 .text.endian_higher_bytes_uint32
                0x8000c91a        0x4 Library/hal/gps_ublox.o
 *fill*         0x8000c91e        0x2 d703d703
 .text.ubx_send_header
                0x8000c920       0x68 Library/hal/gps_ublox.o
 .text.ubx_send_cksum
                0x8000c988       0x28 Library/hal/gps_ublox.o
 .text.ubx_send_message_nav_settings
                0x8000c9b0      0x558 Library/hal/gps_ublox.o
 .text.ubx_configure_message_rate
                0x8000cf08       0xb4 Library/hal/gps_ublox.o
 .text.gps_ublox_configure_gps
                0x8000cfbc      0x184 Library/hal/gps_ublox.o
                0x8000cfbc                gps_ublox_configure_gps
 .text.gps_ublox_reset
                0x8000d140       0x5c Library/hal/gps_ublox.o
 .text.gps_ublox_update
                0x8000d19c     0x13d8 Library/hal/gps_ublox.o
                0x8000d19c                gps_ublox_update
 .text.gps_ublox_init
                0x8000e574       0x8c Library/hal/gps_ublox.o
                0x8000e574                gps_ublox_init
 .text          0x8000e600        0x0 Library/hal/gps_ublox_telemetry.o
 .text.gps_ublox_telemetry_send_raw
                0x8000e600      0x450 Library/hal/gps_ublox_telemetry.o
                0x8000e600                gps_ublox_telemetry_send_raw
 .text          0x8000ea50        0x0 Library/hal/hmc5883l.o
 .text.hmc5883l_update
                0x8000ea50       0x54 Library/hal/hmc5883l.o
                0x8000ea50                hmc5883l_update
 .text.hmc5883l_init_slow
                0x8000eaa4       0x44 Library/hal/hmc5883l.o
                0x8000eaa4                hmc5883l_init_slow
 .text          0x8000eae8        0x0 Library/hal/i2c_driver_int.o
 .text.i2c_int_handler_i2c0
                0x8000eae8       0xec Library/hal/i2c_driver_int.o
 .text.i2c_driver_trigger_request
                0x8000ebd4       0xd8 Library/hal/i2c_driver_int.o
                0x8000ebd4                i2c_driver_trigger_request
 .text.i2c_driver_reset
                0x8000ecac       0x4e Library/hal/i2c_driver_int.o
                0x8000ecac                i2c_driver_reset
 *fill*         0x8000ecfa        0x2 d703d703
 .text.i2c_driver_init
                0x8000ecfc       0x98 Library/hal/i2c_driver_int.o
                0x8000ecfc                i2c_driver_init
 .text          0x8000ed94        0x0 Library/hal/lsm330dlc.o
 .text.lsm330dlc_acc_write_register
                0x8000ed94       0x24 Library/hal/lsm330dlc.o
 .text.lsm330dlc_gyro_write_register
                0x8000edb8       0x24 Library/hal/lsm330dlc.o
 .text.lsm330dlc_gyro_read_register
                0x8000eddc       0x34 Library/hal/lsm330dlc.o
 .text.lsm330dlc_gyro_update
                0x8000ee10       0xd4 Library/hal/lsm330dlc.o
                0x8000ee10                lsm330dlc_gyro_update
 .text.lsm330dlc_acc_read_register
                0x8000eee4       0x34 Library/hal/lsm330dlc.o
 .text.lsm330dlc_acc_update
                0x8000ef18       0xbc Library/hal/lsm330dlc.o
                0x8000ef18                lsm330dlc_acc_update
 .text.lsm330dlc_init
                0x8000efd4       0x78 Library/hal/lsm330dlc.o
                0x8000efd4                lsm330dlc_init
 .text          0x8000f04c        0x0 Library/hal/piezo_speaker.o
 .text.piezo_speaker_set_value_binary
                0x8000f04c       0x4c Library/hal/piezo_speaker.o
 .text.piezo_speaker_beep
                0x8000f098       0x60 Library/hal/piezo_speaker.o
                0x8000f098                piezo_speaker_beep
 .text.piezo_speaker_mario_melody
                0x8000f0f8       0x84 Library/hal/piezo_speaker.o
                0x8000f0f8                piezo_speaker_mario_melody
 .text.piezo_speaker_star_wars
                0x8000f17c      0x150 Library/hal/piezo_speaker.o
                0x8000f17c                piezo_speaker_star_wars
 .text.piezo_speaker_critical_error_melody
                0x8000f2cc       0x34 Library/hal/piezo_speaker.o
                0x8000f2cc                piezo_speaker_critical_error_melody
 .text.piezo_speaker_quick_startup
                0x8000f300       0x2c Library/hal/piezo_speaker.o
                0x8000f300                piezo_speaker_quick_startup
 .text.piezo_speaker_startup_melody
                0x8000f32c       0x2c Library/hal/piezo_speaker.o
                0x8000f32c                piezo_speaker_startup_melody
 .text.piezo_speaker_init_binary
                0x8000f358       0x2c Library/hal/piezo_speaker.o
                0x8000f358                piezo_speaker_init_binary
 .text.piezo_speaker_init
                0x8000f384       0x40 Library/hal/piezo_speaker.o
                0x8000f384                piezo_speaker_init
 .text          0x8000f3c4        0x0 Library/hal/pwm_servos.o
 .text.write_channels
                0x8000f3c4       0x42 Library/hal/pwm_servos.o
                0x8000f3c4                write_channels
 *fill*         0x8000f406        0x2 d703d703
 .text.pwm_servos_write_to_hardware
                0x8000f408       0xc8 Library/hal/pwm_servos.o
                0x8000f408                pwm_servos_write_to_hardware
 .text.pwm_servos_init
                0x8000f4d0       0xc4 Library/hal/pwm_servos.o
                0x8000f4d0                pwm_servos_init
 .text          0x8000f594        0x0 Library/hal/sd_spi.o
 .text.sd_spi_get_sector_count
                0x8000f594       0x24 Library/hal/sd_spi.o
                0x8000f594                sd_spi_get_sector_count
 .text.sd_spi_get_sector_size
                0x8000f5b8        0x8 Library/hal/sd_spi.o
                0x8000f5b8                sd_spi_get_sector_size
 .text.sd_spi_get_block_size
                0x8000f5c0       0x1c Library/hal/sd_spi.o
                0x8000f5c0                sd_spi_get_block_size
 .text.sd_spi_send_and_read
                0x8000f5dc       0x38 Library/hal/sd_spi.o
 .text.sd_spi_command
                0x8000f614       0xc0 Library/hal/sd_spi.o
 .text.sd_spi_send_command
                0x8000f6d4       0x34 Library/hal/sd_spi.o
 .text.sd_spi_reset_card
                0x8000f708       0x80 Library/hal/sd_spi.o
                0x8000f708                sd_spi_reset_card
 .text.sd_spi_wait_not_busy
                0x8000f788       0x54 Library/hal/sd_spi.o
                0x8000f788                sd_spi_wait_not_busy
 .text.sd_spi_write_given_sector_from_ram
                0x8000f7dc      0x14c Library/hal/sd_spi.o
                0x8000f7dc                sd_spi_write_given_sector_from_ram
 .text.sd_spi_write_sector_from_ram
                0x8000f928      0x11c Library/hal/sd_spi.o
                0x8000f928                sd_spi_write_sector_from_ram
 .text.sd_mmc_spi_read_open_PDCA
                0x8000fa44       0xd4 Library/hal/sd_spi.o
                0x8000fa44                sd_mmc_spi_read_open_PDCA
 .text.sd_spi_read_sector_to_ram_pcda
                0x8000fb18      0x10c Library/hal/sd_spi.o
                0x8000fb18                sd_spi_read_sector_to_ram_pcda
 .text.sd_spi_status
                0x8000fc24       0xb0 Library/hal/sd_spi.o
                0x8000fc24                sd_spi_status
 .text.is_sd_spi_write_pwd_locked
                0x8000fcd4       0xd8 Library/hal/sd_spi.o
                0x8000fcd4                is_sd_spi_write_pwd_locked
 .text.sd_spi_read_given_sector_to_ram
                0x8000fdac      0x14c Library/hal/sd_spi.o
                0x8000fdac                sd_spi_read_given_sector_to_ram
 .text.sd_mmc_spi_read_sector_to_ram
                0x8000fef8      0x12c Library/hal/sd_spi.o
                0x8000fef8                sd_mmc_spi_read_sector_to_ram
 .text.pdca_int_handler
                0x80010024       0x38 Library/hal/sd_spi.o
 .text.sd_spi_get_capacity
                0x8001005c      0x154 Library/hal/sd_spi.o
                0x8001005c                sd_spi_get_capacity
 .text.sd_spi_init
                0x800101b0      0x4f4 Library/hal/sd_spi.o
                0x800101b0                sd_spi_init
 .text.sd_spi_mem_check
                0x800106a4       0x84 Library/hal/sd_spi.o
                0x800106a4                sd_spi_mem_check
 .text.sd_spi_test
                0x80010728      0x16c Library/hal/sd_spi.o
                0x80010728                sd_spi_test
 .text          0x80010894        0x0 Library/hal/servos.o
 .text.servos_set_value
                0x80010894       0x6a Library/hal/servos.o
                0x80010894                servos_set_value
 *fill*         0x800108fe        0x2 d703d703
 .text.servos_set_value_failsafe
                0x80010900       0x2c Library/hal/servos.o
                0x80010900                servos_set_value_failsafe
 .text.servos_init
                0x8001092c       0xd4 Library/hal/servos.o
                0x8001092c                servos_init
 .text          0x80010a00        0x0 Library/hal/servos_telemetry.o
 .text.servos_telemetry_mavlink_send
                0x80010a00      0x22c Library/hal/servos_telemetry.o
                0x80010a00                servos_telemetry_mavlink_send
 .text          0x80010c2c        0x0 Library/hal/spektrum_satellite.o
 .text.spektrum_satellite_get_pointer
                0x80010c2c       0x18 Library/hal/spektrum_satellite.o
                0x80010c2c                spektrum_satellite_get_pointer
 .text.spektrum_satellite_get_channel
                0x80010c44       0x20 Library/hal/spektrum_satellite.o
                0x80010c44                spektrum_satellite_get_channel
 .text.spektrum_satellite_get_neutral
                0x80010c64       0x48 Library/hal/spektrum_satellite.o
                0x80010c64                spektrum_satellite_get_neutral
 .text.spectrum_handler
                0x80010cac      0x104 Library/hal/spektrum_satellite.o
 .text.spektrum_satellite_switch_off
                0x80010db0       0x20 Library/hal/spektrum_satellite.o
                0x80010db0                spektrum_satellite_switch_off
 .text.spektrum_satellite_switch_on
                0x80010dd0       0x20 Library/hal/spektrum_satellite.o
                0x80010dd0                spektrum_satellite_switch_on
 .text.spektrum_satellite_bind
                0x80010df0      0x118 Library/hal/spektrum_satellite.o
                0x80010df0                spektrum_satellite_bind
 .text.spektrum_satellite_init
                0x80010f08       0x74 Library/hal/spektrum_satellite.o
                0x80010f08                spektrum_satellite_init
 .text          0x80010f7c        0x0 Library/hal/time_keeper.o
 .text.time_keeper_ticks_to_seconds
                0x80010f7c       0x28 Library/hal/time_keeper.o
                0x80010f7c                time_keeper_ticks_to_seconds
 .text.time_keeper_get_time_ticks
                0x80010fa4       0x18 Library/hal/time_keeper.o
                0x80010fa4                time_keeper_get_time_ticks
 .text.time_keeper_get_micros
                0x80010fbc       0x14 Library/hal/time_keeper.o
                0x80010fbc                time_keeper_get_micros
 .text.time_keeper_delay_until
                0x80010fd0       0x1c Library/hal/time_keeper.o
                0x80010fd0                time_keeper_delay_until
 .text.time_keeper_delay_micros
                0x80010fec       0x24 Library/hal/time_keeper.o
                0x80010fec                time_keeper_delay_micros
 .text.time_keeper_get_millis
                0x80011010       0x24 Library/hal/time_keeper.o
                0x80011010                time_keeper_get_millis
 .text.time_keeper_get_time
                0x80011034       0x1c Library/hal/time_keeper.o
                0x80011034                time_keeper_get_time
 .text.time_keeper_init
                0x80011050       0x28 Library/hal/time_keeper.o
                0x80011050                time_keeper_init
 .text          0x80011078        0x0 Library/hal/usb_int.o
 .text.usb_int_set_usb_conf
                0x80011078       0x24 Library/hal/usb_int.o
                0x80011078                usb_int_set_usb_conf
 .text.usb_int_get_usb_handle
                0x8001109c       0x18 Library/hal/usb_int.o
                0x8001109c                usb_int_get_usb_handle
 .text.usb_int_register_write_stream
                0x800110b4       0x24 Library/hal/usb_int.o
                0x800110b4                usb_int_register_write_stream
 .text.usb_int_register_read_stream
                0x800110d8        0x4 Library/hal/usb_int.o
                0x800110d8                usb_int_register_read_stream
 .text.usb_int_send_byte
                0x800110dc       0x2c Library/hal/usb_int.o
                0x800110dc                usb_int_send_byte
 .text.usb_int_init
                0x80011108       0x1c Library/hal/usb_int.o
                0x80011108                usb_int_init
 .text          0x80011124        0x0 Library/hal/xbee.o
 .text.xbee_get_in_stream
                0x80011124       0x18 Library/hal/xbee.o
                0x80011124                xbee_get_in_stream
 .text.xbee_get_out_stream
                0x8001113c       0x18 Library/hal/xbee.o
                0x8001113c                xbee_get_out_stream
 .text.xbee_init
                0x80011154       0x8c Library/hal/xbee.o
                0x80011154                xbee_init
 .text          0x800111e0        0x0 Library/runtime/scheduler_telemetry.o
 .text.scheduler_telemetry_send_rt_stats
                0x800111e0      0x7d8 Library/runtime/scheduler_telemetry.o
                0x800111e0                scheduler_telemetry_send_rt_stats
 .text          0x800119b8        0x0 Library/sensing/ahrs.o
 .text.ahrs_init
                0x800119b8       0x60 Library/sensing/ahrs.o
                0x800119b8                ahrs_init
 .text          0x80011a18        0x0 Library/sensing/ahrs_telemetry.o
 .text.ahrs_telemetry_send_attitude_quaternion
                0x80011a18      0x23c Library/sensing/ahrs_telemetry.o
                0x80011a18                ahrs_telemetry_send_attitude_quaternion
 .text.ahrs_telemetry_send_attitude
                0x80011c54      0x224 Library/sensing/ahrs_telemetry.o
                0x80011c54                ahrs_telemetry_send_attitude
 .text          0x80011e78        0x0 Library/sensing/imu_telemetry.o
 .text.imu_telemetry_send_raw
                0x80011e78      0x23c Library/sensing/imu_telemetry.o
                0x80011e78                imu_telemetry_send_raw
 .text.imu_telemetry_init
                0x800120b4       0x38 Library/sensing/imu_telemetry.o
                0x800120b4                imu_telemetry_init
 .text.imu_telemetry_start_calibration
                0x800120ec      0x118 Library/sensing/imu_telemetry.o
 .text.imu_telemetry_send_scaled
                0x80012204      0x24c Library/sensing/imu_telemetry.o
                0x80012204                imu_telemetry_send_scaled
 .text          0x80012450        0x0 Library/sensing/position_estimation.o
 .text.gps_position_init
                0x80012450       0xd0 Library/sensing/position_estimation.o
 .text.position_estimation_init
                0x80012520       0xbc Library/sensing/position_estimation.o
                0x80012520                position_estimation_init
 .text.position_estimation_reset_home_altitude
                0x800125dc      0x120 Library/sensing/position_estimation.o
                0x800125dc                position_estimation_reset_home_altitude
 .text.position_estimation_position_integration
                0x800126fc      0x360 Library/sensing/position_estimation.o
 .text.position_estimation_update
                0x80012a5c      0x2e4 Library/sensing/position_estimation.o
                0x80012a5c                position_estimation_update
 .text          0x80012d40        0x0 Library/sensing/position_estimation_telemetry.o
 .text.position_estimation_telemetry_send_global_position
                0x80012d40      0x2b4 Library/sensing/position_estimation_telemetry.o
                0x80012d40                position_estimation_telemetry_send_global_position
 .text.position_estimation_telemetry_init
                0x80012ff4       0x38 Library/sensing/position_estimation_telemetry.o
                0x80012ff4                position_estimation_telemetry_init
 .text.position_estimation_set_new_home_position
                0x8001302c      0x198 Library/sensing/position_estimation_telemetry.o
 .text.position_estimation_telemetry_send_position
                0x800131c4      0x200 Library/sensing/position_estimation_telemetry.o
                0x800131c4                position_estimation_telemetry_send_position
 .text          0x800133c4        0x0 Library/sensing/qfilter.o
 .text.qfilter_init
                0x800133c4       0x4c Library/sensing/qfilter.o
                0x800133c4                qfilter_init
 .text.qfilter_update
                0x80013410      0x95c Library/sensing/qfilter.o
                0x80013410                qfilter_update
 .text          0x80013d6c        0x0 Library/sensing/simulation_telemetry.o
 .text.simulation_telemetry_send_state
                0x80013d6c      0x3fc Library/sensing/simulation_telemetry.o
                0x80013d6c                simulation_telemetry_send_state
 .text.simulation_telemetry_init
                0x80014168       0x38 Library/sensing/simulation_telemetry.o
                0x80014168                simulation_telemetry_init
 .text.simulation_telemetry_set_new_home_position
                0x800141a0      0x19c Library/sensing/simulation_telemetry.o
 .text.simulation_telemetry_send_quaternions
                0x8001433c      0x480 Library/sensing/simulation_telemetry.o
                0x8001433c                simulation_telemetry_send_quaternions
 .text          0x800147bc        0x0 Library/util/linear_algebra.o
 .text.inv4     0x800147bc      0x4f8 Library/util/linear_algebra.o
                0x800147bc                inv4
 .text.inv3     0x80014cb4      0x11c Library/util/linear_algebra.o
                0x80014cb4                inv3
 .text.inv2     0x80014dd0       0x6c Library/util/linear_algebra.o
                0x80014dd0                inv2
 .text          0x80014e3c        0x0 Library/util/matrixlib_float.o
 .text.matf_zeros
                0x80014e3c       0x2c Library/util/matrixlib_float.o
                0x80014e3c                matf_zeros
 .text.matf_diag
                0x80014e68       0x2c Library/util/matrixlib_float.o
                0x80014e68                matf_diag
 .text.matf_copy
                0x80014e94       0x1c Library/util/matrixlib_float.o
                0x80014e94                matf_copy
 .text.matf_cross
                0x80014eb0       0x52 Library/util/matrixlib_float.o
                0x80014eb0                matf_cross
 .text.matf_copy_part
                0x80014f02       0x64 Library/util/matrixlib_float.o
                0x80014f02                matf_copy_part
 .text.matf_sum
                0x80014f66       0x1c Library/util/matrixlib_float.o
                0x80014f66                matf_sum
 .text.matf_add
                0x80014f82       0x2e Library/util/matrixlib_float.o
                0x80014f82                matf_add
 .text.matf_multiply_factor
                0x80014fb0       0x24 Library/util/matrixlib_float.o
                0x80014fb0                matf_multiply_factor
 .text.matf_sub
                0x80014fd4       0x2e Library/util/matrixlib_float.o
                0x80014fd4                matf_sub
 .text.matf_tr  0x80015002       0x48 Library/util/matrixlib_float.o
                0x80015002                matf_tr
 .text.matf_multiply
                0x8001504a       0xaa Library/util/matrixlib_float.o
                0x8001504a                matf_multiply
 .text.matf_multiply_Bt
                0x800150f4       0xa2 Library/util/matrixlib_float.o
                0x800150f4                matf_multiply_Bt
 *fill*         0x80015196        0x2 d703d703
 .text.matf_norm
                0x80015198       0x30 Library/util/matrixlib_float.o
                0x80015198                matf_norm
 .text.matf_std
                0x800151c8       0x3c Library/util/matrixlib_float.o
                0x800151c8                matf_std
 .text          0x80015204        0x0 Library/util/quick_trig.o
 .text.quick_trig_atan
                0x80015204      0x114 Library/util/quick_trig.o
                0x80015204                quick_trig_atan
 .text.quick_trig_tan
                0x80015318       0xd4 Library/util/quick_trig.o
                0x80015318                quick_trig_tan
 .text.quick_trig_acos
                0x800153ec       0xbc Library/util/quick_trig.o
                0x800153ec                quick_trig_acos
 .text.quick_trig_asin
                0x800154a8       0x20 Library/util/quick_trig.o
                0x800154a8                quick_trig_asin
 .text.quick_trig_sin
                0x800154c8       0xfc Library/util/quick_trig.o
                0x800154c8                quick_trig_sin
 .text.quick_trig_cos
                0x800155c4       0x20 Library/util/quick_trig.o
                0x800155c4                quick_trig_cos
 .text          0x800155e4        0x0 src/central_data.o
 .text.central_data_get_pointer_to_struct
                0x800155e4       0x18 src/central_data.o
                0x800155e4                central_data_get_pointer_to_struct
 .text.central_data_init
                0x800155fc      0x448 src/central_data.o
                0x800155fc                central_data_init
 .text          0x80015a44        0x0 src/mavlink_telemetry.o
 .text.mavlink_telemetry_init_communication_module
                0x80015a44       0x54 src/mavlink_telemetry.o
                0x80015a44                mavlink_telemetry_init_communication_module
 .text.mavlink_telemetry_add_data_logging_parameters
                0x80015a98      0x104 src/mavlink_telemetry.o
                0x80015a98                mavlink_telemetry_add_data_logging_parameters
 .text.mavlink_telemetry_init
                0x80015b9c      0x2f8 src/mavlink_telemetry.o
                0x80015b9c                mavlink_telemetry_init
 .text.mavlink_telemetry_add_onboard_parameters
                0x80015e94      0x3e8 src/mavlink_telemetry.o
                0x80015e94                mavlink_telemetry_add_onboard_parameters
 .text          0x8001627c        0x0 src/simu_gps_track.o
 .text.simu_gps_track_square_track
                0x8001627c     0x2c6c src/simu_gps_track.o
                0x8001627c                simu_gps_track_square_track
 .text.simu_gps_track_init
                0x80018ee8       0x20 src/simu_gps_track.o
                0x80018ee8                simu_gps_track_init
 .text.simu_gps_track_pack_msg
                0x80018f08      0x250 src/simu_gps_track.o
                0x80018f08                simu_gps_track_pack_msg
 .text.simu_gps_track_send_neighbor_heartbeat
                0x80019158      0x128 src/simu_gps_track.o
                0x80019158                simu_gps_track_send_neighbor_heartbeat
 .text.simu_gps_track_send_msg
                0x80019280      0x240 src/simu_gps_track.o
                0x80019280                simu_gps_track_send_msg
 .text          0x800194c0        0x0 src/tasks.o
 .text.tasks_get_main_taskset
                0x800194c0       0x1c src/tasks.o
                0x800194c0                tasks_get_main_taskset
 .text.tasks_create_tasks
                0x800194dc      0x1ac src/tasks.o
                0x800194dc                tasks_create_tasks
 .text.tasks_led_toggle
                0x80019688       0x18 src/tasks.o
                0x80019688                tasks_led_toggle
 .text.tasks_run_barometer_update
                0x800196a0       0x34 src/tasks.o
                0x800196a0                tasks_run_barometer_update
 .text.tasks_run_gps_update
                0x800196d4       0x34 src/tasks.o
                0x800196d4                tasks_run_gps_update
 .text.tasks_run_imu_update
                0x80019708       0x78 src/tasks.o
                0x80019708                tasks_run_imu_update
 .text.tasks_run_stabilisation
                0x80019780      0x24c src/tasks.o
                0x80019780                tasks_run_stabilisation
 .text          0x800199cc        0x0 Library/communication/mavlink_stream.o
 .text.mavlink_stream_init
                0x800199cc       0x20 Library/communication/mavlink_stream.o
                0x800199cc                mavlink_stream_init
 .text.mavlink_stream_flush
                0x800199ec       0x10 Library/communication/mavlink_stream.o
                0x800199ec                mavlink_stream_flush
 .text.mavlink_stream_receive
                0x800199fc      0x304 Library/communication/mavlink_stream.o
                0x800199fc                mavlink_stream_receive
 .text.mavlink_stream_send
                0x80019d00       0x5c Library/communication/mavlink_stream.o
                0x80019d00                mavlink_stream_send
 .text          0x80019d5c        0x0 Library/communication/onboard_parameters.o
 .text.onboard_parameters_send_all_parameters
                0x80019d5c       0x2e Library/communication/onboard_parameters.o
 *fill*         0x80019d8a        0x2 d703d703
 .text.onboard_parameters_read_parameters_from_flashc
                0x80019d8c       0xd0 Library/communication/onboard_parameters.o
                0x80019d8c                onboard_parameters_read_parameters_from_flashc
 .text.onboard_parameters_write_parameters_to_flashc
                0x80019e5c       0xb4 Library/communication/onboard_parameters.o
                0x80019e5c                onboard_parameters_write_parameters_to_flashc
 .text.onboard_parameters_preflight_storage
                0x80019f10       0x50 Library/communication/onboard_parameters.o
                0x80019f10                onboard_parameters_preflight_storage
 .text.onboard_parameters_add_parameter_float
                0x80019f60       0x7c Library/communication/onboard_parameters.o
                0x80019f60                onboard_parameters_add_parameter_float
 .text.onboard_parameters_add_parameter_int32
                0x80019fdc       0x7c Library/communication/onboard_parameters.o
                0x80019fdc                onboard_parameters_add_parameter_int32
 .text.onboard_parameters_add_parameter_uint32
                0x8001a058       0x6c Library/communication/onboard_parameters.o
                0x8001a058                onboard_parameters_add_parameter_uint32
 .text.onboard_parameters_init
                0x8001a0c4       0xfc Library/communication/onboard_parameters.o
                0x8001a0c4                onboard_parameters_init
 .text.onboard_parameters_receive_parameter
                0x8001a1c0      0x178 Library/communication/onboard_parameters.o
 .text.onboard_parameters_send_parameter
                0x8001a338       0xec Library/communication/onboard_parameters.o
 .text.onboard_parameters_send_scheduled_parameters
                0x8001a424      0x1f0 Library/communication/onboard_parameters.o
 .text          0x8001a614        0x0 Library/control/navigation.o
 .text.navigation_mode_change
                0x8001a614       0x16 Library/control/navigation.o
 *fill*         0x8001a62a        0x2 d703d703
 .text.navigation_set_auto_landing
                0x8001a62c       0x4c Library/control/navigation.o
 .text.navigation_set_auto_takeoff
                0x8001a678       0x38 Library/control/navigation.o
 .text.navigation_waypoint_hold_init
                0x8001a6b0       0xcc Library/control/navigation.o
                0x8001a6b0                navigation_waypoint_hold_init
 .text.navigation_start_stop_navigation
                0x8001a77c      0x164 Library/control/navigation.o
 .text.navigation_run
                0x8001a8e0      0x480 Library/control/navigation.o
 .text.navigation_init
                0x8001ad60      0x168 Library/control/navigation.o
                0x8001ad60                navigation_init
 .text.navigation_waypoint_navigation_handler
                0x8001aec8      0x52c Library/control/navigation.o
 .text.navigation_update
                0x8001b3f4      0xc30 Library/control/navigation.o
                0x8001b3f4                navigation_update
 .text          0x8001c024        0x0 Library/control/stabilisation.o
 .text.stabilisation_run
                0x8001c024       0x48 Library/control/stabilisation.o
                0x8001c024                stabilisation_run
 .text.stabilisation_init
                0x8001c06c       0x38 Library/control/stabilisation.o
                0x8001c06c                stabilisation_init
 .text          0x8001c0a4        0x0 Library/hal/adc_int.o
 .text.adc_int_clear_sequencer
                0x8001c0a4       0x24 Library/hal/adc_int.o
                0x8001c0a4                adc_int_clear_sequencer
 .text.adc_int_sequencer_add
                0x8001c0c8       0x68 Library/hal/adc_int.o
                0x8001c0c8                adc_int_sequencer_add
 .text.adc_int_sampling_complete
                0x8001c130       0x2c Library/hal/adc_int.o
                0x8001c130                adc_int_sampling_complete
 .text.adc_int_get_sample
                0x8001c15c       0x20 Library/hal/adc_int.o
                0x8001c15c                adc_int_get_sample
 .text.adc_int_get_buffer
                0x8001c17c       0x18 Library/hal/adc_int.o
                0x8001c17c                adc_int_get_buffer
 .text.adc_int_get_sampling_status
                0x8001c194       0x18 Library/hal/adc_int.o
                0x8001c194                adc_int_get_sampling_status
 .text.adc_int_get_period
                0x8001c1ac       0x18 Library/hal/adc_int.o
                0x8001c1ac                adc_int_get_period
 .text.adc_int_stop_sampling
                0x8001c1c4       0x1c Library/hal/adc_int.o
                0x8001c1c4                adc_int_stop_sampling
 .text.adc_int_start_sampling
                0x8001c1e0       0x88 Library/hal/adc_int.o
                0x8001c1e0                adc_int_start_sampling
 .text.adc_int_init
                0x8001c268       0x88 Library/hal/adc_int.o
                0x8001c268                adc_int_init
 .text.process_data
                0x8001c2f0      0x190 Library/hal/adc_int.o
 .text          0x8001c480        0x0 Library/hal/ads1274.o
 .text.get_interrupt_counter
                0x8001c480       0x18 Library/hal/ads1274.o
                0x8001c480                get_interrupt_counter
 .text.ads1274_set_DAC_generator_function
                0x8001c498       0x18 Library/hal/ads1274.o
                0x8001c498                ads1274_set_DAC_generator_function
 .text.get_sample
                0x8001c4b0       0x24 Library/hal/ads1274.o
                0x8001c4b0                get_sample
 .text.get_sampling_status
                0x8001c4d4       0x18 Library/hal/ads1274.o
                0x8001c4d4                get_sampling_status
 .text.ads1274_ADC_switch_channel
                0x8001c4ec        0x2 Library/hal/ads1274.o
                0x8001c4ec                ads1274_ADC_switch_channel
 .text.ads1274_ADC_set_mode
                0x8001c4ee        0x2 Library/hal/ads1274.o
                0x8001c4ee                ads1274_ADC_set_mode
 .text.ads1274_ADC_start_oneshot
                0x8001c4f0       0x1c Library/hal/ads1274.o
                0x8001c4f0                ads1274_ADC_start_oneshot
 .text.eic_nmi_handler
                0x8001c50c       0x28 Library/hal/ads1274.o
                0x8001c50c                eic_nmi_handler
 .text.ads1274_ADC_switch_clock
                0x8001c534       0x48 Library/hal/ads1274.o
                0x8001c534                ads1274_ADC_switch_clock
 .text.ads1274_init_DAC
                0x8001c57c       0xc8 Library/hal/ads1274.o
                0x8001c57c                ads1274_init_DAC
 .text.process_data
                0x8001c644       0x8c Library/hal/ads1274.o
                0x8001c644                process_data
 .text          0x8001c6d0        0x0 Library/hal/bmp085.o
 .text.bmp085_reset_origin_altitude
                0x8001c6d0       0x14 Library/hal/bmp085.o
                0x8001c6d0                bmp085_reset_origin_altitude
 .text.bmp085_read_int
                0x8001c6e4       0x3c Library/hal/bmp085.o
 .text.bmp085_update
                0x8001c720      0x358 Library/hal/bmp085.o
                0x8001c720                bmp085_update
 .text.bmp085_init_slow
                0x8001ca78      0x110 Library/hal/bmp085.o
                0x8001ca78                bmp085_init_slow
 .text.bmp085_init
                0x8001cb88       0x20 Library/hal/bmp085.o
                0x8001cb88                bmp085_init
 .text          0x8001cba8        0x0 Library/hal/dac_dma.o
 .text.DAC_pause
                0x8001cba8        0x2 Library/hal/dac_dma.o
                0x8001cba8                DAC_pause
 .text.DAC_resume
                0x8001cbaa        0x2 Library/hal/dac_dma.o
                0x8001cbaa                DAC_resume
 .text.DAC_is_finished
                0x8001cbac        0x2 Library/hal/dac_dma.o
                0x8001cbac                DAC_is_finished
 *fill*         0x8001cbae        0x2 d703d703
 .text.dac_dma_set_value
                0x8001cbb0       0x1c Library/hal/dac_dma.o
                0x8001cbb0                dac_dma_set_value
 .text.dac_dma_play
                0x8001cbcc       0x44 Library/hal/dac_dma.o
                0x8001cbcc                dac_dma_play
 .text.pdca_int_handler_dac
                0x8001cc10       0x58 Library/hal/dac_dma.o
 .text.dac_dma_init
                0x8001cc68       0xa0 Library/hal/dac_dma.o
                0x8001cc68                dac_dma_init
 .text.init_gclk
                0x8001cd08       0x24 Library/hal/dac_dma.o
                0x8001cd08                init_gclk
 .text.init_pevc
                0x8001cd2c       0x2c Library/hal/dac_dma.o
                0x8001cd2c                init_pevc
 .text.dac_dma_load_buffer
                0x8001cd58       0x6c Library/hal/dac_dma.o
                0x8001cd58                dac_dma_load_buffer
 .text          0x8001cdc4        0x0 Library/hal/led.o
 .text.LED_Read_Display
                0x8001cdc4       0x18 Library/hal/led.o
                0x8001cdc4                LED_Read_Display
 .text.LED_Display
                0x8001cddc       0x60 Library/hal/led.o
                0x8001cddc                LED_Display
 .text.LED_Read_Display_Mask
                0x8001ce3c       0x1c Library/hal/led.o
                0x8001ce3c                LED_Read_Display_Mask
 .text.LED_Test
                0x8001ce58       0x20 Library/hal/led.o
                0x8001ce58                LED_Test
 .text.LED_Get_Intensity
                0x8001ce78        0x2 Library/hal/led.o
                0x8001ce78                LED_Get_Intensity
 .text.LED_Set_Intensity
                0x8001ce7a        0x2 Library/hal/led.o
                0x8001ce7a                LED_Set_Intensity
 .text.LED_Read_Display_Field
                0x8001ce7c       0x28 Library/hal/led.o
                0x8001ce7c                LED_Read_Display_Field
 .text.LED_Toggle
                0x8001cea4       0x5c Library/hal/led.o
                0x8001cea4                LED_Toggle
 .text.LED_Off  0x8001cf00       0x5c Library/hal/led.o
                0x8001cf00                LED_Off
 .text.LED_On   0x8001cf5c       0x60 Library/hal/led.o
                0x8001cf5c                LED_On
 .text.LED_Display_Mask
                0x8001cfbc       0x7c Library/hal/led.o
                0x8001cfbc                LED_Display_Mask
 .text.LED_Display_Field
                0x8001d038       0x20 Library/hal/led.o
                0x8001d038                LED_Display_Field
 .text          0x8001d058        0x0 Library/hal/spi_buffered.o
 .text.spi_buffered_get_spi_in_buffer
                0x8001d058       0x20 Library/hal/spi_buffered.o
                0x8001d058                spi_buffered_get_spi_in_buffer
 .text.spi_buffered_set_callback
                0x8001d078       0x20 Library/hal/spi_buffered.o
                0x8001d078                spi_buffered_set_callback
 .text.spi_buffered_pause
                0x8001d098       0x24 Library/hal/spi_buffered.o
                0x8001d098                spi_buffered_pause
 .text.spi_buffered_activate_receive
                0x8001d0bc       0x24 Library/hal/spi_buffered.o
                0x8001d0bc                spi_buffered_activate_receive
 .text.spi_buffered_deactivate_receive
                0x8001d0e0       0x24 Library/hal/spi_buffered.o
                0x8001d0e0                spi_buffered_deactivate_receive
 .text.spi_buffered_clear_read_buffer
                0x8001d104       0x24 Library/hal/spi_buffered.o
                0x8001d104                spi_buffered_clear_read_buffer
 .text.spi_buffered_get_traffic
                0x8001d128       0x20 Library/hal/spi_buffered.o
                0x8001d128                spi_buffered_get_traffic
 .text.spi_buffered_read
                0x8001d148       0x4c Library/hal/spi_buffered.o
                0x8001d148                spi_buffered_read
 .text.spi_buffered_is_transfered_finished
                0x8001d194       0x28 Library/hal/spi_buffered.o
                0x8001d194                spi_buffered_is_transfered_finished
 .text.spi_buffered_bytes_available
                0x8001d1bc       0x28 Library/hal/spi_buffered.o
                0x8001d1bc                spi_buffered_bytes_available
 .text.spi_buffered_transmit
                0x8001d1e4       0x84 Library/hal/spi_buffered.o
                0x8001d1e4                spi_buffered_transmit
 .text.spi_handler
                0x8001d268       0xb8 Library/hal/spi_buffered.o
                0x8001d268                spi_handler
 .text.spi1_int_handler
                0x8001d320       0x18 Library/hal/spi_buffered.o
                0x8001d320                spi1_int_handler
 .text.spi0_int_handler
                0x8001d338       0x18 Library/hal/spi_buffered.o
                0x8001d338                spi0_int_handler
 .text.spi_buffered_start
                0x8001d350       0x64 Library/hal/spi_buffered.o
                0x8001d350                spi_buffered_start
 .text.spi_buffered_write
                0x8001d3b4       0x44 Library/hal/spi_buffered.o
                0x8001d3b4                spi_buffered_write
 .text.spi_buffered_resume
                0x8001d3f8       0x28 Library/hal/spi_buffered.o
                0x8001d3f8                spi_buffered_resume
 .text.spi_buffered_flush_buffer
                0x8001d420       0x30 Library/hal/spi_buffered.o
                0x8001d420                spi_buffered_flush_buffer
 .text.spi_buffered_disable
                0x8001d450       0x24 Library/hal/spi_buffered.o
                0x8001d450                spi_buffered_disable
 .text.spi_buffered_enable
                0x8001d474       0x24 Library/hal/spi_buffered.o
                0x8001d474                spi_buffered_enable
 .text.spi_buffered_trigger_DMA
                0x8001d498       0x60 Library/hal/spi_buffered.o
                0x8001d498                spi_buffered_trigger_DMA
 .text.spi_buffered_init_DMA
                0x8001d4f8       0x54 Library/hal/spi_buffered.o
                0x8001d4f8                spi_buffered_init_DMA
 .text.pdca_int_handler_spi0
                0x8001d54c       0x54 Library/hal/spi_buffered.o
 .text.spi_buffered_init
                0x8001d5a0       0xec Library/hal/spi_buffered.o
                0x8001d5a0                spi_buffered_init
 .text          0x8001d68c        0x0 Library/hal/uart_int.o
 .text.uart_int_set_usart_conf
                0x8001d68c       0x84 Library/hal/uart_int.o
                0x8001d68c                uart_int_set_usart_conf
 .text.uart_int_get_uart_handle
                0x8001d710       0x20 Library/hal/uart_int.o
                0x8001d710                uart_int_get_uart_handle
 .text.uart_int_register_write_stream
                0x8001d730       0x2c Library/hal/uart_int.o
                0x8001d730                uart_int_register_write_stream
 .text.uart_int_register_read_stream
                0x8001d75c        0x6 Library/hal/uart_int.o
                0x8001d75c                uart_int_register_read_stream
 *fill*         0x8001d762        0x2 d703d703
 .text.uart_out_buffer_empty
                0x8001d764       0x18 Library/hal/uart_int.o
                0x8001d764                uart_out_buffer_empty
 .text.uart_int_flush
                0x8001d77c       0x24 Library/hal/uart_int.o
                0x8001d77c                uart_int_flush
 .text.uart_int_send_byte
                0x8001d7a0       0x30 Library/hal/uart_int.o
                0x8001d7a0                uart_int_send_byte
 .text.uart_int_bytes_available
                0x8001d7d0       0x18 Library/hal/uart_int.o
                0x8001d7d0                uart_int_bytes_available
 .text.uart_int_get_byte
                0x8001d7e8       0x1c Library/hal/uart_int.o
                0x8001d7e8                uart_int_get_byte
 .text.register_UART_handler
                0x8001d804       0x94 Library/hal/uart_int.o
                0x8001d804                register_UART_handler
 .text.uart_int_init
                0x8001d898       0xdc Library/hal/uart_int.o
                0x8001d898                uart_int_init
 .text.uart_handler_4
                0x8001d974       0x88 Library/hal/uart_int.o
 .text.uart_handler_3
                0x8001d9fc       0x88 Library/hal/uart_int.o
 .text.uart_handler_2
                0x8001da84       0x88 Library/hal/uart_int.o
 .text.uart_handler_1
                0x8001db0c       0x88 Library/hal/uart_int.o
 .text.uart_handler_0
                0x8001db94       0x7c Library/hal/uart_int.o
 .text          0x8001dc10        0x0 Library/runtime/scheduler.o
 .text.scheduler_sort_tasks
                0x8001dc10      0x120 Library/runtime/scheduler.o
                0x8001dc10                scheduler_sort_tasks
 .text.scheduler_get_task_by_id
                0x8001dd30       0x42 Library/runtime/scheduler.o
                0x8001dd30                scheduler_get_task_by_id
 .text.scheduler_get_task_by_index
                0x8001dd72       0x18 Library/runtime/scheduler.o
                0x8001dd72                scheduler_get_task_by_index
 .text.scheduler_change_run_mode
                0x8001dd8a        0x4 Library/runtime/scheduler.o
                0x8001dd8a                scheduler_change_run_mode
 *fill*         0x8001dd8e        0x2 d703d703
 .text.scheduler_run_task_now
                0x8001dd90       0x24 Library/runtime/scheduler.o
                0x8001dd90                scheduler_run_task_now
 .text.scheduler_change_task_period
                0x8001ddb4       0x20 Library/runtime/scheduler.o
                0x8001ddb4                scheduler_change_task_period
 .text.scheduler_suspend_task
                0x8001ddd4       0x1c Library/runtime/scheduler.o
                0x8001ddd4                scheduler_suspend_task
 .text.scheduler_update
                0x8001ddf0      0x190 Library/runtime/scheduler.o
                0x8001ddf0                scheduler_update
 .text.scheduler_add_task
                0x8001df80       0xa4 Library/runtime/scheduler.o
                0x8001df80                scheduler_add_task
 .text.scheduler_init
                0x8001e024       0x54 Library/runtime/scheduler.o
                0x8001e024                scheduler_init
 .text          0x8001e078        0x0 Library/sensing/imu.o
 .text.imu_update
                0x8001e078      0x154 Library/sensing/imu.o
                0x8001e078                imu_update
 .text.imu_calibrate_gyros
                0x8001e1cc       0x84 Library/sensing/imu.o
                0x8001e1cc                imu_calibrate_gyros
 .text.imu_init
                0x8001e250      0x168 Library/sensing/imu.o
                0x8001e250                imu_init
 .text          0x8001e3b8        0x0 Library/sensing/simulation.o
 .text.forces_from_servos_cross_quad
                0x8001e3b8        0x2 Library/sensing/simulation.o
                0x8001e3b8                forces_from_servos_cross_quad
 *fill*         0x8001e3ba        0x2 d703d703
 .text.simulation_calib_set
                0x8001e3bc       0xc4 Library/sensing/simulation.o
                0x8001e3bc                simulation_calib_set
 .text.simulation_switch_from_simulation_to_reality
                0x8001e480       0x64 Library/sensing/simulation.o
                0x8001e480                simulation_switch_from_simulation_to_reality
 .text.simulation_reset_simulation
                0x8001e4e4      0x148 Library/sensing/simulation.o
 .text.simulation_switch_from_reality_to_simulation
                0x8001e62c       0x30 Library/sensing/simulation.o
                0x8001e62c                simulation_switch_from_reality_to_simulation
 .text.simulation_fake_gps_fix
                0x8001e65c       0xc8 Library/sensing/simulation.o
                0x8001e65c                simulation_fake_gps_fix
 .text.simulation_simulate_gps
                0x8001e724       0x9c Library/sensing/simulation.o
                0x8001e724                simulation_simulate_gps
 .text.simulation_simulate_barometer
                0x8001e7c0       0x40 Library/sensing/simulation.o
                0x8001e7c0                simulation_simulate_barometer
 .text.simulation_init
                0x8001e800      0x100 Library/sensing/simulation.o
                0x8001e800                simulation_init
 .text.forces_from_servos_diag_quad
                0x8001e900      0x370 Library/sensing/simulation.o
                0x8001e900                forces_from_servos_diag_quad
 .text.simulation_update
                0x8001ec70      0xc10 Library/sensing/simulation.o
                0x8001ec70                simulation_update
 .text          0x8001f880        0x0 Library/util/buffer.o
 .text.buffer_full
                0x8001f880       0x14 Library/util/buffer.o
                0x8001f880                buffer_full
 .text.buffer_put_lossy
                0x8001f894       0x48 Library/util/buffer.o
                0x8001f894                buffer_put_lossy
 .text.buffer_put
                0x8001f8dc       0x50 Library/util/buffer.o
                0x8001f8dc                buffer_put
 .text.buffer_get
                0x8001f92c       0x26 Library/util/buffer.o
                0x8001f92c                buffer_get
 .text.buffer_empty
                0x8001f952       0x10 Library/util/buffer.o
                0x8001f952                buffer_empty
 .text.buffer_bytes_available
                0x8001f962       0x16 Library/util/buffer.o
                0x8001f962                buffer_bytes_available
 .text.buffer_init
                0x8001f978       0x10 Library/util/buffer.o
                0x8001f978                buffer_init
 .text.buffer_clear
                0x8001f988       0x10 Library/util/buffer.o
                0x8001f988                buffer_clear
 .text.buffer_make_buffered_stream
                0x8001f998       0x2c Library/util/buffer.o
                0x8001f998                buffer_make_buffered_stream
 .text.buffer_make_buffered_stream_lossy
                0x8001f9c4       0x2c Library/util/buffer.o
                0x8001f9c4                buffer_make_buffered_stream_lossy
 .text          0x8001f9f0        0x0 Library/util/coord_conventions.o
 .text.coord_conventions_get_yaw
                0x8001f9f0       0x50 Library/util/coord_conventions.o
                0x8001f9f0                coord_conventions_get_yaw
 .text.coord_conventions_quaternion_from_aero
                0x8001fa40       0x98 Library/util/coord_conventions.o
                0x8001fa40                coord_conventions_quaternion_from_aero
 .text.coord_conventions_quat_to_aero
                0x8001fad8       0xd0 Library/util/coord_conventions.o
                0x8001fad8                coord_conventions_quat_to_aero
 .text.coord_conventions_local_to_global_position
                0x8001fba8       0xe0 Library/util/coord_conventions.o
                0x8001fba8                coord_conventions_local_to_global_position
 .text.coord_conventions_global_to_local_position
                0x8001fc88      0x140 Library/util/coord_conventions.o
                0x8001fc88                coord_conventions_global_to_local_position
 .text          0x8001fdc8        0x0 Library/util/generator.o
 .text.generator_init_dac_buffer_triangle
                0x8001fdc8       0x64 Library/util/generator.o
                0x8001fdc8                generator_init_dac_buffer_triangle
 .text.generator_ramp_generator
                0x8001fe2c       0x12 Library/util/generator.o
                0x8001fe2c                generator_ramp_generator
 *fill*         0x8001fe3e        0x2 d703d703
 .text.generator_arbitrary_generator
                0x8001fe40       0x28 Library/util/generator.o
                0x8001fe40                generator_arbitrary_generator
 .text.generator_init_dac_buffer_sine
                0x8001fe68       0x80 Library/util/generator.o
                0x8001fe68                generator_init_dac_buffer_sine
 .text          0x8001fee8        0x0 Library/util/print_util.o
 .text.print_util_get_debug_stream
                0x8001fee8       0x18 Library/util/print_util.o
                0x8001fee8                print_util_get_debug_stream
 .text.print_util_dbg_print_init
                0x8001ff00       0x18 Library/util/print_util.o
                0x8001ff00                print_util_dbg_print_init
 .text.print_util_putstring
                0x8001ff18       0x34 Library/util/print_util.o
                0x8001ff18                print_util_putstring
 .text.print_util_putstring_length
                0x8001ff4c       0x2e Library/util/print_util.o
                0x8001ff4c                print_util_putstring_length
 *fill*         0x8001ff7a        0x2 d703d703
 .text.print_util_putdigit
                0x8001ff7c       0x30 Library/util/print_util.o
                0x8001ff7c                print_util_putdigit
 .text.print_util_putnum
                0x8001ffac       0x7c Library/util/print_util.o
                0x8001ffac                print_util_putnum
 .text.print_util_putlong
                0x80020028       0xb4 Library/util/print_util.o
                0x80020028                print_util_putlong
 .text.putnum_tight
                0x800200dc       0x74 Library/util/print_util.o
                0x800200dc                putnum_tight
 .text.print_util_putfloat
                0x80020150       0x90 Library/util/print_util.o
                0x80020150                print_util_putfloat
 .text.print_util_print_vector
                0x800201e0       0x50 Library/util/print_util.o
                0x800201e0                print_util_print_vector
 .text.print_util_print_quaternion
                0x80020230       0x44 Library/util/print_util.o
                0x80020230                print_util_print_quaternion
 .text.print_util_print_matrix
                0x80020274       0x84 Library/util/print_util.o
                0x80020274                print_util_print_matrix
 .text.print_util_dbg_print
                0x800202f8       0x1c Library/util/print_util.o
                0x800202f8                print_util_dbg_print
 .text.print_util_dbg_print_num
                0x80020314       0x20 Library/util/print_util.o
                0x80020314                print_util_dbg_print_num
 .text.print_util_dbg_putfloat
                0x80020334       0x20 Library/util/print_util.o
                0x80020334                print_util_dbg_putfloat
 .text.print_util_dbg_print_vector
                0x80020354       0x20 Library/util/print_util.o
                0x80020354                print_util_dbg_print_vector
 .text.print_util_dbg_print_quaternion
                0x80020374       0x20 Library/util/print_util.o
                0x80020374                print_util_dbg_print_quaternion
 .text.print_util_dbg_log_value
                0x80020394       0x34 Library/util/print_util.o
                0x80020394                print_util_dbg_log_value
 .text.print_util_dbg_print_long
                0x800203c8       0x1c Library/util/print_util.o
                0x800203c8                print_util_dbg_print_long
 .text          0x800203e4        0x0 Library/util/sinus.o
 .text          0x800203e4        0x0 src/asf/avr32/drivers/adcifa/adcifa.o
 .text.adcifa_get_calibration_data
                0x800203e4       0x34 src/asf/avr32/drivers/adcifa/adcifa.o
                0x800203e4                adcifa_get_calibration_data
 .text.adcifa_configure
                0x80020418       0xae src/asf/avr32/drivers/adcifa/adcifa.o
                0x80020418                adcifa_configure
 *fill*         0x800204c6        0x2 d703d703
 .text.adcifa_configure_sequencer
                0x800204c8      0x284 src/asf/avr32/drivers/adcifa/adcifa.o
                0x800204c8                adcifa_configure_sequencer
 .text.adcifa_configure_window_monitor
                0x8002074c       0x76 src/asf/avr32/drivers/adcifa/adcifa.o
                0x8002074c                adcifa_configure_window_monitor
 .text.adcifa_start_sequencer
                0x800207c2       0x34 src/asf/avr32/drivers/adcifa/adcifa.o
                0x800207c2                adcifa_start_sequencer
 .text.adcifa_check_eoc
                0x800207f6       0x26 src/asf/avr32/drivers/adcifa/adcifa.o
                0x800207f6                adcifa_check_eoc
 .text.adcifa_check_eos
                0x8002081c       0x26 src/asf/avr32/drivers/adcifa/adcifa.o
                0x8002081c                adcifa_check_eos
 *fill*         0x80020842        0x2 d703d703
 .text.adcifa_get_values_from_sequencer
                0x80020844       0x88 src/asf/avr32/drivers/adcifa/adcifa.o